Archive member included to satisfy reference by file (symbol)

c:/users/user/appdata/roaming/code/user/globalstorage/bmd.stm32-for-vscode/@xpack-dev-tools/arm-none-eabi-gcc/10.2.1-1.1.2/.content/bin/../lib/gcc/arm-none-eabi/10.2.1/../../../../arm-none-eabi/lib/thumb/v7e-m+fp/hard\libc.a(lib_a-errno.o)
                              build/syscalls.o (__errno)
c:/users/user/appdata/roaming/code/user/globalstorage/bmd.stm32-for-vscode/@xpack-dev-tools/arm-none-eabi-gcc/10.2.1-1.1.2/.content/bin/../lib/gcc/arm-none-eabi/10.2.1/../../../../arm-none-eabi/lib/thumb/v7e-m+fp/hard\libc.a(lib_a-exit.o)
                              c:/users/user/appdata/roaming/code/user/globalstorage/bmd.stm32-for-vscode/@xpack-dev-tools/arm-none-eabi-gcc/10.2.1-1.1.2/.content/bin/../lib/gcc/arm-none-eabi/10.2.1/../../../../arm-none-eabi/lib/thumb/v7e-m+fp/hard/crt0.o (exit)
c:/users/user/appdata/roaming/code/user/globalstorage/bmd.stm32-for-vscode/@xpack-dev-tools/arm-none-eabi-gcc/10.2.1-1.1.2/.content/bin/../lib/gcc/arm-none-eabi/10.2.1/../../../../arm-none-eabi/lib/thumb/v7e-m+fp/hard\libc.a(lib_a-impure.o)
                              c:/users/user/appdata/roaming/code/user/globalstorage/bmd.stm32-for-vscode/@xpack-dev-tools/arm-none-eabi-gcc/10.2.1-1.1.2/.content/bin/../lib/gcc/arm-none-eabi/10.2.1/../../../../arm-none-eabi/lib/thumb/v7e-m+fp/hard\libc.a(lib_a-exit.o) (_global_impure_ptr)
c:/users/user/appdata/roaming/code/user/globalstorage/bmd.stm32-for-vscode/@xpack-dev-tools/arm-none-eabi-gcc/10.2.1-1.1.2/.content/bin/../lib/gcc/arm-none-eabi/10.2.1/../../../../arm-none-eabi/lib/thumb/v7e-m+fp/hard\libc.a(lib_a-init.o)
                              c:/users/user/appdata/roaming/code/user/globalstorage/bmd.stm32-for-vscode/@xpack-dev-tools/arm-none-eabi-gcc/10.2.1-1.1.2/.content/bin/../lib/gcc/arm-none-eabi/10.2.1/../../../../arm-none-eabi/lib/thumb/v7e-m+fp/hard/crt0.o (__libc_init_array)
c:/users/user/appdata/roaming/code/user/globalstorage/bmd.stm32-for-vscode/@xpack-dev-tools/arm-none-eabi-gcc/10.2.1-1.1.2/.content/bin/../lib/gcc/arm-none-eabi/10.2.1/../../../../arm-none-eabi/lib/thumb/v7e-m+fp/hard\libc.a(lib_a-locale.o)
                              build/main.o (setlocale)
c:/users/user/appdata/roaming/code/user/globalstorage/bmd.stm32-for-vscode/@xpack-dev-tools/arm-none-eabi-gcc/10.2.1-1.1.2/.content/bin/../lib/gcc/arm-none-eabi/10.2.1/../../../../arm-none-eabi/lib/thumb/v7e-m+fp/hard\libc.a(lib_a-mbtowc_r.o)
                              c:/users/user/appdata/roaming/code/user/globalstorage/bmd.stm32-for-vscode/@xpack-dev-tools/arm-none-eabi-gcc/10.2.1-1.1.2/.content/bin/../lib/gcc/arm-none-eabi/10.2.1/../../../../arm-none-eabi/lib/thumb/v7e-m+fp/hard\libc.a(lib_a-locale.o) (__ascii_mbtowc)
c:/users/user/appdata/roaming/code/user/globalstorage/bmd.stm32-for-vscode/@xpack-dev-tools/arm-none-eabi-gcc/10.2.1-1.1.2/.content/bin/../lib/gcc/arm-none-eabi/10.2.1/../../../../arm-none-eabi/lib/thumb/v7e-m+fp/hard\libc.a(lib_a-memset.o)
                              c:/users/user/appdata/roaming/code/user/globalstorage/bmd.stm32-for-vscode/@xpack-dev-tools/arm-none-eabi-gcc/10.2.1-1.1.2/.content/bin/../lib/gcc/arm-none-eabi/10.2.1/../../../../arm-none-eabi/lib/thumb/v7e-m+fp/hard/crt0.o (memset)
c:/users/user/appdata/roaming/code/user/globalstorage/bmd.stm32-for-vscode/@xpack-dev-tools/arm-none-eabi-gcc/10.2.1-1.1.2/.content/bin/../lib/gcc/arm-none-eabi/10.2.1/../../../../arm-none-eabi/lib/thumb/v7e-m+fp/hard\libc.a(lib_a-strcmp.o)
                              c:/users/user/appdata/roaming/code/user/globalstorage/bmd.stm32-for-vscode/@xpack-dev-tools/arm-none-eabi-gcc/10.2.1-1.1.2/.content/bin/../lib/gcc/arm-none-eabi/10.2.1/../../../../arm-none-eabi/lib/thumb/v7e-m+fp/hard\libc.a(lib_a-locale.o) (strcmp)
c:/users/user/appdata/roaming/code/user/globalstorage/bmd.stm32-for-vscode/@xpack-dev-tools/arm-none-eabi-gcc/10.2.1-1.1.2/.content/bin/../lib/gcc/arm-none-eabi/10.2.1/../../../../arm-none-eabi/lib/thumb/v7e-m+fp/hard\libc.a(lib_a-wctomb_r.o)
                              c:/users/user/appdata/roaming/code/user/globalstorage/bmd.stm32-for-vscode/@xpack-dev-tools/arm-none-eabi-gcc/10.2.1-1.1.2/.content/bin/../lib/gcc/arm-none-eabi/10.2.1/../../../../arm-none-eabi/lib/thumb/v7e-m+fp/hard\libc.a(lib_a-locale.o) (__ascii_wctomb)
c:/users/user/appdata/roaming/code/user/globalstorage/bmd.stm32-for-vscode/@xpack-dev-tools/arm-none-eabi-gcc/10.2.1-1.1.2/.content/bin/../lib/gcc/arm-none-eabi/10.2.1/../../../../arm-none-eabi/lib/thumb/v7e-m+fp/hard\libc.a(lib_a-__call_atexit.o)
                              c:/users/user/appdata/roaming/code/user/globalstorage/bmd.stm32-for-vscode/@xpack-dev-tools/arm-none-eabi-gcc/10.2.1-1.1.2/.content/bin/../lib/gcc/arm-none-eabi/10.2.1/../../../../arm-none-eabi/lib/thumb/v7e-m+fp/hard\libc.a(lib_a-exit.o) (__call_exitprocs)
[...]
Memory Configuration

Name             Origin             Length             Attributes
RAM              0x0000000020000000 0x0000000000020000 xrw
CCMRAM           0x0000000010000000 0x0000000000010000 xrw
FLASH            0x0000000008000000 0x0000000000100000 xr
*default*        0x0000000000000000 0xffffffffffffffff

Linker script and memory map

LOAD c:/users/user/appdata/roaming/code/user/globalstorage/bmd.stm32-for-vscode/@xpack-dev-tools/arm-none-eabi-gcc/10.2.1-1.1.2/.content/bin/../lib/gcc/arm-none-eabi/10.2.1/thumb/v7e-m+fp/hard/crti.o
LOAD c:/users/user/appdata/roaming/code/user/globalstorage/bmd.stm32-for-vscode/@xpack-dev-tools/arm-none-eabi-gcc/10.2.1-1.1.2/.content/bin/../lib/gcc/arm-none-eabi/10.2.1/thumb/v7e-m+fp/hard/crtbegin.o
LOAD c:/users/user/appdata/roaming/code/user/globalstorage/bmd.stm32-for-vscode/@xpack-dev-tools/arm-none-eabi-gcc/10.2.1-1.1.2/.content/bin/../lib/gcc/arm-none-eabi/10.2.1/../../../../arm-none-eabi/lib/thumb/v7e-m+fp/hard/crt0.o
LOAD build/NOS_Math.o
LOAD build/NOS_ModBus.o
LOAD build/NOS_Time.o
LOAD build/WS2812B.o
LOAD build/WS2812B_Core.o
LOAD build/WS2812B_Effects.o
LOAD build/main.o
LOAD build/stm32f4xx_hal_msp.o
LOAD build/stm32f4xx_it.o
LOAD build/syscalls.o
LOAD build/system_stm32f4xx.o
LOAD build/stm32f4xx_hal.o
LOAD build/stm32f4xx_hal_cortex.o
LOAD build/stm32f4xx_hal_dma.o
LOAD build/stm32f4xx_hal_dma_ex.o
LOAD build/stm32f4xx_hal_exti.o
LOAD build/stm32f4xx_hal_flash.o
LOAD build/stm32f4xx_hal_flash_ex.o
LOAD build/stm32f4xx_hal_flash_ramfunc.o
LOAD build/stm32f4xx_hal_gpio.o
LOAD build/stm32f4xx_hal_pwr.o
LOAD build/stm32f4xx_hal_pwr_ex.o
LOAD build/stm32f4xx_hal_rcc.o
LOAD build/stm32f4xx_hal_rcc_ex.o
LOAD build/stm32f4xx_hal_rtc.o
LOAD build/stm32f4xx_hal_rtc_ex.o
LOAD build/stm32f4xx_hal_tim.o
LOAD build/stm32f4xx_hal_tim_ex.o
LOAD build/stm32f4xx_hal_uart.o
LOAD build/startup_stm32f407xx.o
LOAD c:/users/user/appdata/roaming/code/user/globalstorage/bmd.stm32-for-vscode/@xpack-dev-tools/arm-none-eabi-gcc/10.2.1-1.1.2/.content/bin/../lib/gcc/arm-none-eabi/10.2.1/../../../../arm-none-eabi/lib/thumb/v7e-m+fp/hard\libc.a
LOAD c:/users/user/appdata/roaming/code/user/globalstorage/bmd.stm32-for-vscode/@xpack-dev-tools/arm-none-eabi-gcc/10.2.1-1.1.2/.content/bin/../lib/gcc/arm-none-eabi/10.2.1/../../../../arm-none-eabi/lib/thumb/v7e-m+fp/hard\libm.a
LOAD c:/users/user/appdata/roaming/code/user/globalstorage/bmd.stm32-for-vscode/@xpack-dev-tools/arm-none-eabi-gcc/10.2.1-1.1.2/.content/bin/../lib/gcc/arm-none-eabi/10.2.1/../../../../arm-none-eabi/lib/thumb/v7e-m+fp/hard\libnosys.a
START GROUP
LOAD c:/users/user/appdata/roaming/code/user/globalstorage/bmd.stm32-for-vscode/@xpack-dev-tools/arm-none-eabi-gcc/10.2.1-1.1.2/.content/bin/../lib/gcc/arm-none-eabi/10.2.1/thumb/v7e-m+fp/hard\libgcc.a
LOAD c:/users/user/appdata/roaming/code/user/globalstorage/bmd.stm32-for-vscode/@xpack-dev-tools/arm-none-eabi-gcc/10.2.1-1.1.2/.content/bin/../lib/gcc/arm-none-eabi/10.2.1/../../../../arm-none-eabi/lib/thumb/v7e-m+fp/hard\libc.a
END GROUP
START GROUP
LOAD c:/users/user/appdata/roaming/code/user/globalstorage/bmd.stm32-for-vscode/@xpack-dev-tools/arm-none-eabi-gcc/10.2.1-1.1.2/.content/bin/../lib/gcc/arm-none-eabi/10.2.1/thumb/v7e-m+fp/hard\libgcc.a
LOAD c:/users/user/appdata/roaming/code/user/globalstorage/bmd.stm32-for-vscode/@xpack-dev-tools/arm-none-eabi-gcc/10.2.1-1.1.2/.content/bin/../lib/gcc/arm-none-eabi/10.2.1/../../../../arm-none-eabi/lib/thumb/v7e-m+fp/hard\libc.a
LOAD c:/users/user/appdata/roaming/code/user/globalstorage/bmd.stm32-for-vscode/@xpack-dev-tools/arm-none-eabi-gcc/10.2.1-1.1.2/.content/bin/../lib/gcc/arm-none-eabi/10.2.1/../../../../arm-none-eabi/lib/thumb/v7e-m+fp/hard\libnosys.a
END GROUP
LOAD c:/users/user/appdata/roaming/code/user/globalstorage/bmd.stm32-for-vscode/@xpack-dev-tools/arm-none-eabi-gcc/10.2.1-1.1.2/.content/bin/../lib/gcc/arm-none-eabi/10.2.1/thumb/v7e-m+fp/hard/crtend.o
LOAD c:/users/user/appdata/roaming/code/user/globalstorage/bmd.stm32-for-vscode/@xpack-dev-tools/arm-none-eabi-gcc/10.2.1-1.1.2/.content/bin/../lib/gcc/arm-none-eabi/10.2.1/thumb/v7e-m+fp/hard/crtn.o
                0x0000000020020000                _estack = 0x20020000
                0x0000000000000200                _Min_Heap_Size = 0x200
                0x0000000000000400                _Min_Stack_Size = 0x400

.isr_vector     0x0000000008000000      0x188
                0x0000000008000000                . = ALIGN (0x4)
 *(.isr_vector)
 .isr_vector    0x0000000008000000      0x188 build/startup_stm32f407xx.o
                0x0000000008000000                g_pfnVectors
                0x0000000008000188                . = ALIGN (0x4)

.text           0x00000000080001a0     0x4428
                0x00000000080001a0                . = ALIGN (0x4)
 *(.text)
 .text          0x00000000080001a0      0x2dc c:/users/user/appdata/roaming/code/user/globalstorage/bmd.stm32-for-vscode/@xpack-dev-tools/arm-none-eabi-gcc/10.2.1-1.1.2/.content/bin/../lib/gcc/arm-none-eabi/10.2.1/../../../../arm-none-eabi/lib/thumb/v7e-m+fp/hard\libc.a(lib_a-strcmp.o)
                0x00000000080001a8                strcmp
 .text          0x000000000800047c       0x30 c:/users/user/appdata/roaming/code/user/globalstorage/bmd.stm32-for-vscode/@xpack-dev-tools/arm-none-eabi-gcc/10.2.1-1.1.2/.content/bin/../lib/gcc/arm-none-eabi/10.2.1/thumb/v7e-m+fp/hard\libgcc.a(_aeabi_uldivmod.o)
                0x000000000800047c                __aeabi_uldivmod
 .text          0x00000000080004ac      0x1ac c:/users/user/appdata/roaming/code/user/globalstorage/bmd.stm32-for-vscode/@xpack-dev-tools/arm-none-eabi-gcc/10.2.1-1.1.2/.content/bin/../lib/gcc/arm-none-eabi/10.2.1/thumb/v7e-m+fp/hard\libgcc.a(libunwind.o)
                0x00000000080004ac                __restore_core_regs
                0x00000000080004ac                restore_core_regs
                0x00000000080004c4                __gnu_Unwind_Restore_VFP
                0x00000000080004cc                __gnu_Unwind_Save_VFP
                0x00000000080004d4                __gnu_Unwind_Restore_VFP_D
                0x00000000080004dc                __gnu_Unwind_Save_VFP_D
                0x00000000080004e4                __gnu_Unwind_Restore_VFP_D_16_to_31
                0x00000000080004ec                __gnu_Unwind_Save_VFP_D_16_to_31
                0x00000000080004f4                __gnu_Unwind_Restore_WMMXD
                0x0000000008000538                __gnu_Unwind_Save_WMMXD
                0x000000000800057c                __gnu_Unwind_Restore_WMMXC
                0x0000000008000590                __gnu_Unwind_Save_WMMXC
                0x00000000080005a4                ___Unwind_RaiseException
                0x00000000080005a4                _Unwind_RaiseException
                0x00000000080005c8                _Unwind_Resume
                0x00000000080005c8                ___Unwind_Resume
                0x00000000080005ec                _Unwind_Resume_or_Rethrow
                0x00000000080005ec                ___Unwind_Resume_or_Rethrow
                0x0000000008000610                _Unwind_ForcedUnwind
                0x0000000008000610                ___Unwind_ForcedUnwind
                0x0000000008000634                ___Unwind_Backtrace
                0x0000000008000634                _Unwind_Backtrace
 .text          0x0000000008000658        0x4 c:/users/user/appdata/roaming/code/user/globalstorage/bmd.stm32-for-vscode/@xpack-dev-tools/arm-none-eabi-gcc/10.2.1-1.1.2/.content/bin/../lib/gcc/arm-none-eabi/10.2.1/thumb/v7e-m+fp/hard\libgcc.a(_dvmd_tls.o)
                0x0000000008000658                __aeabi_idiv0
                0x0000000008000658                __aeabi_ldiv0
 .text          0x000000000800065c      0x134 c:/users/user/appdata/roaming/code/user/globalstorage/bmd.stm32-for-vscode/@xpack-dev-tools/arm-none-eabi-gcc/10.2.1-1.1.2/.content/bin/../lib/gcc/arm-none-eabi/10.2.1/../../../../arm-none-eabi/lib/thumb/v7e-m+fp/hard\libc.a(lib_a-memcpy.o)
                0x000000000800065c                memcpy
 *(.text*)
 .text.__do_global_dtors_aux
                0x0000000008000790       0x24 c:/users/user/appdata/roaming/code/user/globalstorage/bmd.stm32-for-vscode/@xpack-dev-tools/arm-none-eabi-gcc/10.2.1-1.1.2/.content/bin/../lib/gcc/arm-none-eabi/10.2.1/thumb/v7e-m+fp/hard/crtbegin.o
 .text.frame_dummy
                0x00000000080007b4       0x1c c:/users/user/appdata/roaming/code/user/globalstorage/bmd.stm32-for-vscode/@xpack-dev-tools/arm-none-eabi-gcc/10.2.1-1.1.2/.content/bin/../lib/gcc/arm-none-eabi/10.2.1/thumb/v7e-m+fp/hard/crtbegin.o
 .text.NOS_Math_NormalizeValue
                0x00000000080007d0        0xa build/NOS_Math.o
                0x00000000080007d0                NOS_Math_NormalizeValue
 .text.NOS_RealTime_Handler
                0x00000000080007da       0x44 build/NOS_Time.o
                0x00000000080007da                NOS_RealTime_Handler
 .text.NOS_RealTime_SetTime
                0x000000000800081e       0x1a build/NOS_Time.o
                0x000000000800081e                NOS_RealTime_SetTime
 .text.NOS_WS2812B_Matrix_Init
                0x0000000008000838        0x6 build/WS2812B.o
                0x0000000008000838                NOS_WS2812B_Matrix_Init
 .text.NOS_WS2812B_Matrix_SetPixel
                0x000000000800083e       0x2a build/WS2812B.o
                0x000000000800083e                NOS_WS2812B_Matrix_SetPixel
 .text.GetPixelPos
                0x0000000008000868       0x16 build/WS2812B.o
                0x0000000008000868                GetPixelPos
 *fill*         0x000000000800087e        0x2 
 .text.NOS_WS2812B_Matrix_Update
                0x0000000008000880      0x144 build/WS2812B.o
                0x0000000008000880                NOS_WS2812B_Matrix_Update
 .text.NOS_WS2812B_SetPixelColor
                0x00000000080009c4        0x8 build/WS2812B.o
                0x00000000080009c4                NOS_WS2812B_SetPixelColor
 .text.NOS_WS2812B_EffectRainbow
                0x00000000080009cc      0x100 build/WS2812B.o
                0x00000000080009cc                NOS_WS2812B_EffectRainbow
 .text.Symvol_GetBitMap
                0x0000000008000acc      0x26c build/WS2812B.o
                0x0000000008000acc                Symvol_GetBitMap
 .text.NOS_WS2812B_Matrix_SetSymvol
                0x0000000008000d38       0x24 build/WS2812B.o
                0x0000000008000d38                NOS_WS2812B_Matrix_SetSymvol
 .text.NOS_WS2812B_Matrix_PrintStaticString
                0x0000000008000d5c       0x2c build/WS2812B.o
                0x0000000008000d5c                NOS_WS2812B_Matrix_PrintStaticString
 .text.NOS_WS2812B_Matrix_PrintRealTime
                0x0000000008000d88      0x1b0 build/WS2812B.o
                0x0000000008000d88                NOS_WS2812B_Matrix_PrintRealTime
 .text.DMA_TransferError
                0x0000000008000f38       0x10 build/WS2812B_Core.o
                0x0000000008000f38                DMA_TransferError
 .text.ws2812b_set_pixel
                0x0000000008000f48       0xc4 build/WS2812B_Core.o
 .text.loadNextFramebufferData
                0x000000000800100c       0x34 build/WS2812B_Core.o
 .text.DMA_TransferCompleteHandler
                0x0000000008001040       0xe8 build/WS2812B_Core.o
                0x0000000008001040                DMA_TransferCompleteHandler
 .text.WS2812_sendbuf
                0x0000000008001128      0x170 build/WS2812B_Core.o
 .text.DMA_TransferHalfHandler
                0x0000000008001298       0x44 build/WS2812B_Core.o
                0x0000000008001298                DMA_TransferHalfHandler
 .text.ws2812b_gpio_init
                0x00000000080012dc       0x78 build/WS2812B_Core.o
 .text.DMA2_init
                0x0000000008001354      0x160 build/WS2812B_Core.o
 .text.TIM1_init
                0x00000000080014b4      0x110 build/WS2812B_Core.o
 .text.DMA2_Stream2_IRQHandler
                0x00000000080015c4       0x20 build/WS2812B_Core.o
                0x00000000080015c4                DMA2_Stream2_IRQHandler
 .text.TIM1_UP_TIM10_IRQHandler
                0x00000000080015e4       0x20 build/WS2812B_Core.o
                0x00000000080015e4                TIM1_UP_TIM10_IRQHandler
 .text.HAL_TIM_PeriodElapsedCallback
                0x0000000008001604       0x3c build/WS2812B_Core.o
                0x0000000008001604                HAL_TIM_PeriodElapsedCallback
 .text.ws2812b_init
                0x0000000008001640       0x1c build/WS2812B_Core.o
                0x0000000008001640                ws2812b_init
 .text.ws2812b_handle
                0x000000000800165c       0x20 build/WS2812B_Core.o
                0x000000000800165c                ws2812b_handle
 .text.visInit  0x000000000800167c       0x48 build/WS2812B_Effects.o
                0x000000000800167c                visInit
 .text.visHandle
                0x00000000080016c4       0x20 build/WS2812B_Effects.o
                0x00000000080016c4                visHandle
 .text.MX_GPIO_Init
                0x00000000080016e4       0x80 build/main.o
 .text.SysTick_Handler
                0x0000000008001764       0x2c build/main.o
                0x0000000008001764                SysTick_Handler
 .text.Error_Handler
                0x0000000008001790        0x4 build/main.o
                0x0000000008001790                Error_Handler
 .text.MX_USART1_UART_Init
                0x0000000008001794       0x34 build/main.o
 .text.MX_USART2_UART_Init
                0x00000000080017c8       0x34 build/main.o
 .text.MX_TIM6_Init
                0x00000000080017fc       0x48 build/main.o
 .text.SystemClock_Config
                0x0000000008001844       0xa8 build/main.o
                0x0000000008001844                SystemClock_Config
 .text.main     0x00000000080018ec      0x144 build/main.o
                0x00000000080018ec                main
 .text.HAL_MspInit
                0x0000000008001a30       0x38 build/stm32f4xx_hal_msp.o
                0x0000000008001a30                HAL_MspInit
 .text.HAL_TIM_Base_MspInit
                0x0000000008001a68       0x30 build/stm32f4xx_hal_msp.o
                0x0000000008001a68                HAL_TIM_Base_MspInit
 .text.HAL_UART_MspInit
                0x0000000008001a98       0xc4 build/stm32f4xx_hal_msp.o
                0x0000000008001a98                HAL_UART_MspInit
 .text.NMI_Handler
                0x0000000008001b5c        0x2 build/stm32f4xx_it.o
                0x0000000008001b5c                NMI_Handler
 .text.HardFault_Handler
                0x0000000008001b5e        0x2 build/stm32f4xx_it.o
                0x0000000008001b5e                HardFault_Handler
 .text.MemManage_Handler
                0x0000000008001b60        0x2 build/stm32f4xx_it.o
                0x0000000008001b60                MemManage_Handler
 .text.BusFault_Handler
                0x0000000008001b62        0x2 build/stm32f4xx_it.o
                0x0000000008001b62                BusFault_Handler
 .text.UsageFault_Handler
                0x0000000008001b64        0x2 build/stm32f4xx_it.o
                0x0000000008001b64                UsageFault_Handler
 .text.SVC_Handler
                0x0000000008001b66        0x2 build/stm32f4xx_it.o
                0x0000000008001b66                SVC_Handler
 .text.DebugMon_Handler
                0x0000000008001b68        0x2 build/stm32f4xx_it.o
                0x0000000008001b68                DebugMon_Handler
 .text.PendSV_Handler
                0x0000000008001b6a        0x2 build/stm32f4xx_it.o
                0x0000000008001b6a                PendSV_Handler
 .text._getpid  0x0000000008001b6c        0x4 build/syscalls.o
                0x0000000008001b6c                _getpid
 .text._kill    0x0000000008001b70       0x10 build/syscalls.o
                0x0000000008001b70                _kill
 .text._exit    0x0000000008001b80        0xc build/syscalls.o
                0x0000000008001b80                _exit
 .text.SystemInit
                0x0000000008001b8c       0x14 build/system_stm32f4xx.o
                0x0000000008001b8c                SystemInit
 .text.HAL_InitTick
                0x0000000008001ba0       0x4c build/stm32f4xx_hal.o
                0x0000000008001ba0                HAL_InitTick
 .text.HAL_Init
                0x0000000008001bec       0x34 build/stm32f4xx_hal.o
                0x0000000008001bec                HAL_Init
 .text.HAL_IncTick
                0x0000000008001c20       0x18 build/stm32f4xx_hal.o
                0x0000000008001c20                HAL_IncTick
 .text.HAL_GetTick
                0x0000000008001c38        0xc build/stm32f4xx_hal.o
                0x0000000008001c38                HAL_GetTick
 .text.HAL_NVIC_SetPriorityGrouping
                0x0000000008001c44       0x24 build/stm32f4xx_hal_cortex.o
                0x0000000008001c44                HAL_NVIC_SetPriorityGrouping
 .text.HAL_NVIC_SetPriority
                0x0000000008001c68       0x70 build/stm32f4xx_hal_cortex.o
                0x0000000008001c68                HAL_NVIC_SetPriority
 .text.HAL_NVIC_EnableIRQ
                0x0000000008001cd8       0x1c build/stm32f4xx_hal_cortex.o
                0x0000000008001cd8                HAL_NVIC_EnableIRQ
 .text.HAL_SYSTICK_Config
                0x0000000008001cf4       0x28 build/stm32f4xx_hal_cortex.o
                0x0000000008001cf4                HAL_SYSTICK_Config
 .text.DMA_SetConfig
                0x0000000008001d1c       0x2c build/stm32f4xx_hal_dma.o
 .text.DMA_CalcBaseAndBitshift
                0x0000000008001d48       0x44 build/stm32f4xx_hal_dma.o
 .text.DMA_CheckFifoParam
                0x0000000008001d8c       0x8e build/stm32f4xx_hal_dma.o
 *fill*         0x0000000008001e1a        0x2 
 .text.HAL_DMA_Init
                0x0000000008001e1c       0xcc build/stm32f4xx_hal_dma.o
                0x0000000008001e1c                HAL_DMA_Init
 .text.HAL_DMA_DeInit
                0x0000000008001ee8       0x64 build/stm32f4xx_hal_dma.o
                0x0000000008001ee8                HAL_DMA_DeInit
 .text.HAL_DMA_Start
                0x0000000008001f4c       0x48 build/stm32f4xx_hal_dma.o
                0x0000000008001f4c                HAL_DMA_Start
 .text.HAL_DMA_Start_IT
                0x0000000008001f94       0x6a build/stm32f4xx_hal_dma.o
                0x0000000008001f94                HAL_DMA_Start_IT
 *fill*         0x0000000008001ffe        0x2 
 .text.HAL_DMA_IRQHandler
                0x0000000008002000      0x1dc build/stm32f4xx_hal_dma.o
                0x0000000008002000                HAL_DMA_IRQHandler
 .text.HAL_GPIO_Init
                0x00000000080021dc      0x1e4 build/stm32f4xx_hal_gpio.o
                0x00000000080021dc                HAL_GPIO_Init
 .text.HAL_GPIO_WritePin
                0x00000000080023c0        0xc build/stm32f4xx_hal_gpio.o
                0x00000000080023c0                HAL_GPIO_WritePin
 .text.HAL_RCC_OscConfig
                0x00000000080023cc      0x3f8 build/stm32f4xx_hal_rcc.o
                0x00000000080023cc                HAL_RCC_OscConfig
 .text.HAL_RCC_GetSysClockFreq
                0x00000000080027c4       0xa4 build/stm32f4xx_hal_rcc.o
                0x00000000080027c4                HAL_RCC_GetSysClockFreq
 .text.HAL_RCC_ClockConfig
                0x0000000008002868      0x160 build/stm32f4xx_hal_rcc.o
                0x0000000008002868                HAL_RCC_ClockConfig
 .text.HAL_RCC_GetHCLKFreq
                0x00000000080029c8        0xc build/stm32f4xx_hal_rcc.o
                0x00000000080029c8                HAL_RCC_GetHCLKFreq
 .text.HAL_RCC_GetPCLK1Freq
                0x00000000080029d4       0x20 build/stm32f4xx_hal_rcc.o
                0x00000000080029d4                HAL_RCC_GetPCLK1Freq
 .text.HAL_RCC_GetPCLK2Freq
                0x00000000080029f4       0x20 build/stm32f4xx_hal_rcc.o
                0x00000000080029f4                HAL_RCC_GetPCLK2Freq
 .text.TIM_OC1_SetConfig
                0x0000000008002a14       0x68 build/stm32f4xx_hal_tim.o
 .text.TIM_OC3_SetConfig
                0x0000000008002a7c       0x70 build/stm32f4xx_hal_tim.o
 .text.TIM_OC4_SetConfig
                0x0000000008002aec       0x50 build/stm32f4xx_hal_tim.o
 .text.HAL_TIM_Base_Start
                0x0000000008002b3c       0x7c build/stm32f4xx_hal_tim.o
                0x0000000008002b3c                HAL_TIM_Base_Start
 .text.HAL_TIM_PWM_MspInit
                0x0000000008002bb8        0x2 build/stm32f4xx_hal_tim.o
                0x0000000008002bb8                HAL_TIM_PWM_MspInit
 .text.HAL_TIM_OC_DelayElapsedCallback
                0x0000000008002bba        0x2 build/stm32f4xx_hal_tim.o
                0x0000000008002bba                HAL_TIM_OC_DelayElapsedCallback
 .text.HAL_TIM_IC_CaptureCallback
                0x0000000008002bbc        0x2 build/stm32f4xx_hal_tim.o
                0x0000000008002bbc                HAL_TIM_IC_CaptureCallback
 .text.HAL_TIM_PWM_PulseFinishedCallback
                0x0000000008002bbe        0x2 build/stm32f4xx_hal_tim.o
                0x0000000008002bbe                HAL_TIM_PWM_PulseFinishedCallback
 .text.HAL_TIM_TriggerCallback
                0x0000000008002bc0        0x2 build/stm32f4xx_hal_tim.o
                0x0000000008002bc0                HAL_TIM_TriggerCallback
 .text.HAL_TIM_IRQHandler
                0x0000000008002bc2      0x17a build/stm32f4xx_hal_tim.o
                0x0000000008002bc2                HAL_TIM_IRQHandler
 .text.TIM_Base_SetConfig
                0x0000000008002d3c       0xc8 build/stm32f4xx_hal_tim.o
                0x0000000008002d3c                TIM_Base_SetConfig
 .text.HAL_TIM_Base_Init
                0x0000000008002e04       0x58 build/stm32f4xx_hal_tim.o
                0x0000000008002e04                HAL_TIM_Base_Init
 .text.HAL_TIM_PWM_Init
                0x0000000008002e5c       0x58 build/stm32f4xx_hal_tim.o
                0x0000000008002e5c                HAL_TIM_PWM_Init
 .text.TIM_OC2_SetConfig
                0x0000000008002eb4       0x70 build/stm32f4xx_hal_tim.o
                0x0000000008002eb4                TIM_OC2_SetConfig
 .text.HAL_TIM_PWM_ConfigChannel
                0x0000000008002f24       0xdc build/stm32f4xx_hal_tim.o
                0x0000000008002f24                HAL_TIM_PWM_ConfigChannel
 .text.TIM_CCxChannelCmd
                0x0000000008003000       0x1e build/stm32f4xx_hal_tim.o
                0x0000000008003000                TIM_CCxChannelCmd
 *fill*         0x000000000800301e        0x2 
 .text.HAL_TIM_PWM_Start
                0x0000000008003020      0x104 build/stm32f4xx_hal_tim.o
                0x0000000008003020                HAL_TIM_PWM_Start
 .text.HAL_TIMEx_MasterConfigSynchronization
                0x0000000008003124       0x8c build/stm32f4xx_hal_tim_ex.o
                0x0000000008003124                HAL_TIMEx_MasterConfigSynchronization
 .text.HAL_TIMEx_CommutCallback
                0x00000000080031b0        0x2 build/stm32f4xx_hal_tim_ex.o
                0x00000000080031b0                HAL_TIMEx_CommutCallback
 .text.HAL_TIMEx_BreakCallback
                0x00000000080031b2        0x2 build/stm32f4xx_hal_tim_ex.o
                0x00000000080031b2                HAL_TIMEx_BreakCallback
 .text.UART_SetConfig
                0x00000000080031b4      0x110 build/stm32f4xx_hal_uart.o
 .text.HAL_UART_Init
                0x00000000080032c4       0x5e build/stm32f4xx_hal_uart.o
                0x00000000080032c4                HAL_UART_Init
 *fill*         0x0000000008003322        0x2 
 .text.Reset_Handler
                0x0000000008003324       0x50 build/startup_stm32f407xx.o
                0x0000000008003324                Reset_Handler
 .text.Default_Handler
                0x0000000008003374        0x2 build/startup_stm32f407xx.o
                0x0000000008003374                RTC_Alarm_IRQHandler
                0x0000000008003374                HASH_RNG_IRQHandler
                0x0000000008003374                EXTI2_IRQHandler
                0x0000000008003374                TIM8_CC_IRQHandler
                0x0000000008003374                TIM1_CC_IRQHandler
                0x0000000008003374                DMA2_Stream5_IRQHandler
                0x0000000008003374                DMA1_Stream5_IRQHandler
                0x0000000008003374                PVD_IRQHandler
                0x0000000008003374                SDIO_IRQHandler
                0x0000000008003374                TAMP_STAMP_IRQHandler
                0x0000000008003374                CAN2_RX1_IRQHandler
                0x0000000008003374                EXTI3_IRQHandler
                0x0000000008003374                TIM8_TRG_COM_TIM14_IRQHandler
                0x0000000008003374                TIM8_UP_TIM13_IRQHandler
                0x0000000008003374                I2C3_ER_IRQHandler
                0x0000000008003374                EXTI0_IRQHandler
                0x0000000008003374                I2C2_EV_IRQHandler
                0x0000000008003374                DMA1_Stream2_IRQHandler
                0x0000000008003374                CAN1_RX0_IRQHandler
                0x0000000008003374                FPU_IRQHandler
                0x0000000008003374                OTG_HS_WKUP_IRQHandler
                0x0000000008003374                CAN2_SCE_IRQHandler
                0x0000000008003374                SPI1_IRQHandler
                0x0000000008003374                TIM6_DAC_IRQHandler
                0x0000000008003374                TIM1_BRK_TIM9_IRQHandler
                0x0000000008003374                DCMI_IRQHandler
                0x0000000008003374                CAN2_RX0_IRQHandler
                0x0000000008003374                DMA2_Stream3_IRQHandler
                0x0000000008003374                USART6_IRQHandler
                0x0000000008003374                USART3_IRQHandler
                0x0000000008003374                CAN1_RX1_IRQHandler
                0x0000000008003374                UART5_IRQHandler
                0x0000000008003374                DMA2_Stream0_IRQHandler
                0x0000000008003374                TIM4_IRQHandler
                0x0000000008003374                I2C1_EV_IRQHandler
                0x0000000008003374                DMA1_Stream6_IRQHandler
                0x0000000008003374                DMA1_Stream1_IRQHandler
                0x0000000008003374                UART4_IRQHandler
                0x0000000008003374                TIM3_IRQHandler
                0x0000000008003374                RCC_IRQHandler
                0x0000000008003374                TIM8_BRK_TIM12_IRQHandler
                0x0000000008003374                Default_Handler
                0x0000000008003374                EXTI15_10_IRQHandler
                0x0000000008003374                ADC_IRQHandler
                0x0000000008003374                DMA1_Stream7_IRQHandler
                0x0000000008003374                TIM7_IRQHandler
                0x0000000008003374                CAN2_TX_IRQHandler
                0x0000000008003374                TIM5_IRQHandler
                0x0000000008003374                DMA2_Stream7_IRQHandler
                0x0000000008003374                I2C3_EV_IRQHandler
                0x0000000008003374                EXTI9_5_IRQHandler
                0x0000000008003374                RTC_WKUP_IRQHandler
                0x0000000008003374                ETH_WKUP_IRQHandler
                0x0000000008003374                SPI2_IRQHandler
                0x0000000008003374                OTG_HS_EP1_IN_IRQHandler
                0x0000000008003374                DMA1_Stream0_IRQHandler
                0x0000000008003374                CAN1_TX_IRQHandler
                0x0000000008003374                EXTI4_IRQHandler
                0x0000000008003374                FSMC_IRQHandler
                0x0000000008003374                ETH_IRQHandler
                0x0000000008003374                OTG_HS_EP1_OUT_IRQHandler
                0x0000000008003374                WWDG_IRQHandler
                0x0000000008003374                TIM2_IRQHandler
                0x0000000008003374                OTG_FS_WKUP_IRQHandler
                0x0000000008003374                TIM1_TRG_COM_TIM11_IRQHandler
                0x0000000008003374                OTG_HS_IRQHandler
                0x0000000008003374                EXTI1_IRQHandler
                0x0000000008003374                USART2_IRQHandler
                0x0000000008003374                I2C2_ER_IRQHandler
                0x0000000008003374                DMA2_Stream1_IRQHandler
                0x0000000008003374                CAN1_SCE_IRQHandler
                0x0000000008003374                FLASH_IRQHandler
                0x0000000008003374                DMA2_Stream4_IRQHandler
                0x0000000008003374                USART1_IRQHandler
                0x0000000008003374                OTG_FS_IRQHandler
                0x0000000008003374                SPI3_IRQHandler
                0x0000000008003374                DMA1_Stream4_IRQHandler
                0x0000000008003374                I2C1_ER_IRQHandler
                0x0000000008003374                DMA2_Stream6_IRQHandler
                0x0000000008003374                DMA1_Stream3_IRQHandler
 *fill*         0x0000000008003376        0x2 
 .text.__errno  0x0000000008003378        0xc c:/users/user/appdata/roaming/code/user/globalstorage/bmd.stm32-for-vscode/@xpack-dev-tools/arm-none-eabi-gcc/10.2.1-1.1.2/.content/bin/../lib/gcc/arm-none-eabi/10.2.1/../../../../arm-none-eabi/lib/thumb/v7e-m+fp/hard\libc.a(lib_a-errno.o)
                0x0000000008003378                __errno
 .text.__libc_init_array
                0x0000000008003384       0x48 c:/users/user/appdata/roaming/code/user/globalstorage/bmd.stm32-for-vscode/@xpack-dev-tools/arm-none-eabi-gcc/10.2.1-1.1.2/.content/bin/../lib/gcc/arm-none-eabi/10.2.1/../../../../arm-none-eabi/lib/thumb/v7e-m+fp/hard\libc.a(lib_a-init.o)
                0x0000000008003384                __libc_init_array
 .text.setlocale
                0x00000000080033cc       0x40 c:/users/user/appdata/roaming/code/user/globalstorage/bmd.stm32-for-vscode/@xpack-dev-tools/arm-none-eabi-gcc/10.2.1-1.1.2/.content/bin/../lib/gcc/arm-none-eabi/10.2.1/../../../../arm-none-eabi/lib/thumb/v7e-m+fp/hard\libc.a(lib_a-locale.o)
                0x00000000080033cc                setlocale
 .text.memset   0x000000000800340c       0xa4 c:/users/user/appdata/roaming/code/user/globalstorage/bmd.stm32-for-vscode/@xpack-dev-tools/arm-none-eabi-gcc/10.2.1-1.1.2/.content/bin/../lib/gcc/arm-none-eabi/10.2.1/../../../../arm-none-eabi/lib/thumb/v7e-m+fp/hard\libc.a(lib_a-memset.o)
                0x000000000800340c                memset
 .text.startup.register_fini
                0x00000000080034b0       0x14 c:/users/user/appdata/roaming/code/user/globalstorage/bmd.stm32-for-vscode/@xpack-dev-tools/arm-none-eabi-gcc/10.2.1-1.1.2/.content/bin/../lib/gcc/arm-none-eabi/10.2.1/../../../../arm-none-eabi/lib/thumb/v7e-m+fp/hard\libc.a(lib_a-__call_atexit.o)
 .text.__libc_fini_array
                0x00000000080034c4       0x2c c:/users/user/appdata/roaming/code/user/globalstorage/bmd.stm32-for-vscode/@xpack-dev-tools/arm-none-eabi-gcc/10.2.1-1.1.2/.content/bin/../lib/gcc/arm-none-eabi/10.2.1/../../../../arm-none-eabi/lib/thumb/v7e-m+fp/hard\libc.a(lib_a-fini.o)
                0x00000000080034c4                __libc_fini_array
 .text.__retarget_lock_acquire_recursive
                0x00000000080034f0        0x4 c:/users/user/appdata/roaming/code/user/globalstorage/bmd.stm32-for-vscode/@xpack-dev-tools/arm-none-eabi-gcc/10.2.1-1.1.2/.content/bin/../lib/gcc/arm-none-eabi/10.2.1/../../../../arm-none-eabi/lib/thumb/v7e-m+fp/hard\libc.a(lib_a-lock.o)
                0x00000000080034f0                __retarget_lock_acquire_recursive
 .text.__retarget_lock_release_recursive
                0x00000000080034f4        0x4 c:/users/user/appdata/roaming/code/user/globalstorage/bmd.stm32-for-vscode/@xpack-dev-tools/arm-none-eabi-gcc/10.2.1-1.1.2/.content/bin/../lib/gcc/arm-none-eabi/10.2.1/../../../../arm-none-eabi/lib/thumb/v7e-m+fp/hard\libc.a(lib_a-lock.o)
                0x00000000080034f4                __retarget_lock_release_recursive
 .text.atexit   0x00000000080034f8        0xc c:/users/user/appdata/roaming/code/user/globalstorage/bmd.stm32-for-vscode/@xpack-dev-tools/arm-none-eabi-gcc/10.2.1-1.1.2/.content/bin/../lib/gcc/arm-none-eabi/10.2.1/../../../../arm-none-eabi/lib/thumb/v7e-m+fp/hard\libc.a(lib_a-atexit.o)
                0x00000000080034f8                atexit
 .text.__register_exitproc
                0x0000000008003504       0x8c c:/users/user/appdata/roaming/code/user/globalstorage/bmd.stm32-for-vscode/@xpack-dev-tools/arm-none-eabi-gcc/10.2.1-1.1.2/.content/bin/../lib/gcc/arm-none-eabi/10.2.1/../../../../arm-none-eabi/lib/thumb/v7e-m+fp/hard\libc.a(lib_a-__atexit.o)
                0x0000000008003504                __register_exitproc
 .text.__udivmoddi4
                0x0000000008003590      0x2d0 c:/users/user/appdata/roaming/code/user/globalstorage/bmd.stm32-for-vscode/@xpack-dev-tools/arm-none-eabi-gcc/10.2.1-1.1.2/.content/bin/../lib/gcc/arm-none-eabi/10.2.1/thumb/v7e-m+fp/hard\libgcc.a(_udivmoddi4.o)
                0x0000000008003590                __udivmoddi4
 .text.selfrel_offset31
                0x0000000008003860       0x14 c:/users/user/appdata/roaming/code/user/globalstorage/bmd.stm32-for-vscode/@xpack-dev-tools/arm-none-eabi-gcc/10.2.1-1.1.2/.content/bin/../lib/gcc/arm-none-eabi/10.2.1/thumb/v7e-m+fp/hard\libgcc.a(unwind-arm.o)
 .text.search_EIT_table
                0x0000000008003874       0x5c c:/users/user/appdata/roaming/code/user/globalstorage/bmd.stm32-for-vscode/@xpack-dev-tools/arm-none-eabi-gcc/10.2.1-1.1.2/.content/bin/../lib/gcc/arm-none-eabi/10.2.1/thumb/v7e-m+fp/hard\libgcc.a(unwind-arm.o)
 .text.__gnu_unwind_get_pr_addr
                0x00000000080038d0       0x28 c:/users/user/appdata/roaming/code/user/globalstorage/bmd.stm32-for-vscode/@xpack-dev-tools/arm-none-eabi-gcc/10.2.1-1.1.2/.content/bin/../lib/gcc/arm-none-eabi/10.2.1/thumb/v7e-m+fp/hard\libgcc.a(unwind-arm.o)
 .text.get_eit_entry
                0x00000000080038f8       0x9c c:/users/user/appdata/roaming/code/user/globalstorage/bmd.stm32-for-vscode/@xpack-dev-tools/arm-none-eabi-gcc/10.2.1-1.1.2/.content/bin/../lib/gcc/arm-none-eabi/10.2.1/thumb/v7e-m+fp/hard\libgcc.a(unwind-arm.o)
 .text.restore_non_core_regs
                0x0000000008003994       0x58 c:/users/user/appdata/roaming/code/user/globalstorage/bmd.stm32-for-vscode/@xpack-dev-tools/arm-none-eabi-gcc/10.2.1-1.1.2/.content/bin/../lib/gcc/arm-none-eabi/10.2.1/thumb/v7e-m+fp/hard\libgcc.a(unwind-arm.o)
 .text._Unwind_decode_typeinfo_ptr.constprop.0
                0x00000000080039ec        0xc c:/users/user/appdata/roaming/code/user/globalstorage/bmd.stm32-for-vscode/@xpack-dev-tools/arm-none-eabi-gcc/10.2.1-1.1.2/.content/bin/../lib/gcc/arm-none-eabi/10.2.1/thumb/v7e-m+fp/hard\libgcc.a(unwind-arm.o)
 .text._Unwind_DebugHook
                0x00000000080039f8        0x4 c:/users/user/appdata/roaming/code/user/globalstorage/bmd.stm32-for-vscode/@xpack-dev-tools/arm-none-eabi-gcc/10.2.1-1.1.2/.content/bin/../lib/gcc/arm-none-eabi/10.2.1/thumb/v7e-m+fp/hard\libgcc.a(unwind-arm.o)
 .text.unwind_phase2
                0x00000000080039fc       0x3c c:/users/user/appdata/roaming/code/user/globalstorage/bmd.stm32-for-vscode/@xpack-dev-tools/arm-none-eabi-gcc/10.2.1-1.1.2/.content/bin/../lib/gcc/arm-none-eabi/10.2.1/thumb/v7e-m+fp/hard\libgcc.a(unwind-arm.o)
 .text.unwind_phase2_forced
                0x0000000008003a38       0xcc c:/users/user/appdata/roaming/code/user/globalstorage/bmd.stm32-for-vscode/@xpack-dev-tools/arm-none-eabi-gcc/10.2.1-1.1.2/.content/bin/../lib/gcc/arm-none-eabi/10.2.1/thumb/v7e-m+fp/hard\libgcc.a(unwind-arm.o)
 .text.__gnu_Unwind_RaiseException
                0x0000000008003b04       0x68 c:/users/user/appdata/roaming/code/user/globalstorage/bmd.stm32-for-vscode/@xpack-dev-tools/arm-none-eabi-gcc/10.2.1-1.1.2/.content/bin/../lib/gcc/arm-none-eabi/10.2.1/thumb/v7e-m+fp/hard\libgcc.a(unwind-arm.o)
                0x0000000008003b04                __gnu_Unwind_RaiseException
 .text.__gnu_Unwind_ForcedUnwind
                0x0000000008003b6c       0x10 c:/users/user/appdata/roaming/code/user/globalstorage/bmd.stm32-for-vscode/@xpack-dev-tools/arm-none-eabi-gcc/10.2.1-1.1.2/.content/bin/../lib/gcc/arm-none-eabi/10.2.1/thumb/v7e-m+fp/hard\libgcc.a(unwind-arm.o)
                0x0000000008003b6c                __gnu_Unwind_ForcedUnwind
 .text.__gnu_Unwind_Resume
                0x0000000008003b7c       0x44 c:/users/user/appdata/roaming/code/user/globalstorage/bmd.stm32-for-vscode/@xpack-dev-tools/arm-none-eabi-gcc/10.2.1-1.1.2/.content/bin/../lib/gcc/arm-none-eabi/10.2.1/thumb/v7e-m+fp/hard\libgcc.a(unwind-arm.o)
                0x0000000008003b7c                __gnu_Unwind_Resume
 .text.__gnu_Unwind_Resume_or_Rethrow
                0x0000000008003bc0       0x14 c:/users/user/appdata/roaming/code/user/globalstorage/bmd.stm32-for-vscode/@xpack-dev-tools/arm-none-eabi-gcc/10.2.1-1.1.2/.content/bin/../lib/gcc/arm-none-eabi/10.2.1/thumb/v7e-m+fp/hard\libgcc.a(unwind-arm.o)
                0x0000000008003bc0                __gnu_Unwind_Resume_or_Rethrow
 .text._Unwind_VRS_Get
                0x0000000008003bd4       0x30 c:/users/user/appdata/roaming/code/user/globalstorage/bmd.stm32-for-vscode/@xpack-dev-tools/arm-none-eabi-gcc/10.2.1-1.1.2/.content/bin/../lib/gcc/arm-none-eabi/10.2.1/thumb/v7e-m+fp/hard\libgcc.a(unwind-arm.o)
                0x0000000008003bd4                _Unwind_VRS_Get
 .text._Unwind_GetGR
                0x0000000008003c04       0x1c c:/users/user/appdata/roaming/code/user/globalstorage/bmd.stm32-for-vscode/@xpack-dev-tools/arm-none-eabi-gcc/10.2.1-1.1.2/.content/bin/../lib/gcc/arm-none-eabi/10.2.1/thumb/v7e-m+fp/hard\libgcc.a(unwind-arm.o)
 .text._Unwind_VRS_Set
                0x0000000008003c20       0x30 c:/users/user/appdata/roaming/code/user/globalstorage/bmd.stm32-for-vscode/@xpack-dev-tools/arm-none-eabi-gcc/10.2.1-1.1.2/.content/bin/../lib/gcc/arm-none-eabi/10.2.1/thumb/v7e-m+fp/hard\libgcc.a(unwind-arm.o)
                0x0000000008003c20                _Unwind_VRS_Set
 .text._Unwind_SetGR
                0x0000000008003c50       0x18 c:/users/user/appdata/roaming/code/user/globalstorage/bmd.stm32-for-vscode/@xpack-dev-tools/arm-none-eabi-gcc/10.2.1-1.1.2/.content/bin/../lib/gcc/arm-none-eabi/10.2.1/thumb/v7e-m+fp/hard\libgcc.a(unwind-arm.o)
 .text.__gnu_Unwind_Backtrace
                0x0000000008003c68       0x84 c:/users/user/appdata/roaming/code/user/globalstorage/bmd.stm32-for-vscode/@xpack-dev-tools/arm-none-eabi-gcc/10.2.1-1.1.2/.content/bin/../lib/gcc/arm-none-eabi/10.2.1/thumb/v7e-m+fp/hard\libgcc.a(unwind-arm.o)
                0x0000000008003c68                __gnu_Unwind_Backtrace
 .text.__gnu_unwind_pr_common
                0x0000000008003cec      0x2a8 c:/users/user/appdata/roaming/code/user/globalstorage/bmd.stm32-for-vscode/@xpack-dev-tools/arm-none-eabi-gcc/10.2.1-1.1.2/.content/bin/../lib/gcc/arm-none-eabi/10.2.1/thumb/v7e-m+fp/hard\libgcc.a(unwind-arm.o)
 .text.__aeabi_unwind_cpp_pr0
                0x0000000008003f94        0x8 c:/users/user/appdata/roaming/code/user/globalstorage/bmd.stm32-for-vscode/@xpack-dev-tools/arm-none-eabi-gcc/10.2.1-1.1.2/.content/bin/../lib/gcc/arm-none-eabi/10.2.1/thumb/v7e-m+fp/hard\libgcc.a(unwind-arm.o)
                0x0000000008003f94                __aeabi_unwind_cpp_pr0
 .text.__aeabi_unwind_cpp_pr1
                0x0000000008003f9c        0x8 c:/users/user/appdata/roaming/code/user/globalstorage/bmd.stm32-for-vscode/@xpack-dev-tools/arm-none-eabi-gcc/10.2.1-1.1.2/.content/bin/../lib/gcc/arm-none-eabi/10.2.1/thumb/v7e-m+fp/hard\libgcc.a(unwind-arm.o)
                0x0000000008003f9c                __aeabi_unwind_cpp_pr1
 .text.__aeabi_unwind_cpp_pr2
                0x0000000008003fa4        0x8 c:/users/user/appdata/roaming/code/user/globalstorage/bmd.stm32-for-vscode/@xpack-dev-tools/arm-none-eabi-gcc/10.2.1-1.1.2/.content/bin/../lib/gcc/arm-none-eabi/10.2.1/thumb/v7e-m+fp/hard\libgcc.a(unwind-arm.o)
                0x0000000008003fa4                __aeabi_unwind_cpp_pr2
 .text._Unwind_VRS_Pop
                0x0000000008003fac      0x284 c:/users/user/appdata/roaming/code/user/globalstorage/bmd.stm32-for-vscode/@xpack-dev-tools/arm-none-eabi-gcc/10.2.1-1.1.2/.content/bin/../lib/gcc/arm-none-eabi/10.2.1/thumb/v7e-m+fp/hard\libgcc.a(unwind-arm.o)
                0x0000000008003fac                _Unwind_VRS_Pop
 .text.next_unwind_byte
                0x0000000008004230       0x38 c:/users/user/appdata/roaming/code/user/globalstorage/bmd.stm32-for-vscode/@xpack-dev-tools/arm-none-eabi-gcc/10.2.1-1.1.2/.content/bin/../lib/gcc/arm-none-eabi/10.2.1/thumb/v7e-m+fp/hard\libgcc.a(pr-support.o)
 .text.__gnu_unwind_execute
                0x0000000008004268      0x2ac c:/users/user/appdata/roaming/code/user/globalstorage/bmd.stm32-for-vscode/@xpack-dev-tools/arm-none-eabi-gcc/10.2.1-1.1.2/.content/bin/../lib/gcc/arm-none-eabi/10.2.1/thumb/v7e-m+fp/hard\libgcc.a(pr-support.o)
                0x0000000008004268                __gnu_unwind_execute
 .text.abort    0x0000000008004514       0x10 c:/users/user/appdata/roaming/code/user/globalstorage/bmd.stm32-for-vscode/@xpack-dev-tools/arm-none-eabi-gcc/10.2.1-1.1.2/.content/bin/../lib/gcc/arm-none-eabi/10.2.1/../../../../arm-none-eabi/lib/thumb/v7e-m+fp/hard\libc.a(lib_a-abort.o)
                0x0000000008004514                abort
 .text.raise    0x0000000008004524       0x5c c:/users/user/appdata/roaming/code/user/globalstorage/bmd.stm32-for-vscode/@xpack-dev-tools/arm-none-eabi-gcc/10.2.1-1.1.2/.content/bin/../lib/gcc/arm-none-eabi/10.2.1/../../../../arm-none-eabi/lib/thumb/v7e-m+fp/hard\libc.a(lib_a-signal.o)
                0x0000000008004524                raise
 .text._kill_r  0x0000000008004580       0x2c c:/users/user/appdata/roaming/code/user/globalstorage/bmd.stm32-for-vscode/@xpack-dev-tools/arm-none-eabi-gcc/10.2.1-1.1.2/.content/bin/../lib/gcc/arm-none-eabi/10.2.1/../../../../arm-none-eabi/lib/thumb/v7e-m+fp/hard\libc.a(lib_a-signalr.o)
                0x0000000008004580                _kill_r
 .text._getpid_r
                0x00000000080045ac        0x4 c:/users/user/appdata/roaming/code/user/globalstorage/bmd.stm32-for-vscode/@xpack-dev-tools/arm-none-eabi-gcc/10.2.1-1.1.2/.content/bin/../lib/gcc/arm-none-eabi/10.2.1/../../../../arm-none-eabi/lib/thumb/v7e-m+fp/hard\libc.a(lib_a-signalr.o)
                0x00000000080045ac                _getpid_r
 *(.glue_7)
 .glue_7        0x00000000080045b0        0x0 linker stubs
 *(.glue_7t)
 .glue_7t       0x00000000080045b0        0x0 linker stubs
 *(.eh_frame)
 .eh_frame      0x00000000080045b0        0x0 c:/users/user/appdata/roaming/code/user/globalstorage/bmd.stm32-for-vscode/@xpack-dev-tools/arm-none-eabi-gcc/10.2.1-1.1.2/.content/bin/../lib/gcc/arm-none-eabi/10.2.1/thumb/v7e-m+fp/hard/crtbegin.o
 *(.init)
 .init          0x00000000080045b0        0x4 c:/users/user/appdata/roaming/code/user/globalstorage/bmd.stm32-for-vscode/@xpack-dev-tools/arm-none-eabi-gcc/10.2.1-1.1.2/.content/bin/../lib/gcc/arm-none-eabi/10.2.1/thumb/v7e-m+fp/hard/crti.o
                0x00000000080045b0                _init
 .init          0x00000000080045b4        0x8 c:/users/user/appdata/roaming/code/user/globalstorage/bmd.stm32-for-vscode/@xpack-dev-tools/arm-none-eabi-gcc/10.2.1-1.1.2/.content/bin/../lib/gcc/arm-none-eabi/10.2.1/thumb/v7e-m+fp/hard/crtn.o
 *(.fini)
 .fini          0x00000000080045bc        0x4 c:/users/user/appdata/roaming/code/user/globalstorage/bmd.stm32-for-vscode/@xpack-dev-tools/arm-none-eabi-gcc/10.2.1-1.1.2/.content/bin/../lib/gcc/arm-none-eabi/10.2.1/thumb/v7e-m+fp/hard/crti.o
                0x00000000080045bc                _fini
 .fini          0x00000000080045c0        0x8 c:/users/user/appdata/roaming/code/user/globalstorage/bmd.stm32-for-vscode/@xpack-dev-tools/arm-none-eabi-gcc/10.2.1-1.1.2/.content/bin/../lib/gcc/arm-none-eabi/10.2.1/thumb/v7e-m+fp/hard/crtn.o
                0x00000000080045c8                . = ALIGN (0x4)
                0x00000000080045c8                _etext = .

.vfp11_veneer   0x00000000080045c8        0x0
 .vfp11_veneer  0x00000000080045c8        0x0 linker stubs

.v4_bx          0x00000000080045c8        0x0
 .v4_bx         0x00000000080045c8        0x0 linker stubs

.iplt           0x00000000080045c8        0x0
 .iplt          0x00000000080045c8        0x0 c:/users/user/appdata/roaming/code/user/globalstorage/bmd.stm32-for-vscode/@xpack-dev-tools/arm-none-eabi-gcc/10.2.1-1.1.2/.content/bin/../lib/gcc/arm-none-eabi/10.2.1/thumb/v7e-m+fp/hard/crtbegin.o

.rodata         0x00000000080045c8      0x148
                0x00000000080045c8                . = ALIGN (0x4)
 *(.rodata)
 *(.rodata*)
 .rodata.gammaTable
                0x00000000080045c8      0x100 build/WS2812B_Core.o
                0x00000000080045c8                gammaTable
 .rodata.main.str1.4
                0x00000000080046c8       0x12 build/main.o
 *fill*         0x00000000080046da        0x2 
 .rodata.AHBPrescTable
                0x00000000080046dc       0x10 build/system_stm32f4xx.o
                0x00000000080046dc                AHBPrescTable
 .rodata.APBPrescTable
                0x00000000080046ec        0x8 build/system_stm32f4xx.o
                0x00000000080046ec                APBPrescTable
 .rodata.flagBitshiftOffset.0
                0x00000000080046f4        0x8 build/stm32f4xx_hal_dma.o
 .rodata._global_impure_ptr
                0x00000000080046fc        0x4 c:/users/user/appdata/roaming/code/user/globalstorage/bmd.stm32-for-vscode/@xpack-dev-tools/arm-none-eabi-gcc/10.2.1-1.1.2/.content/bin/../lib/gcc/arm-none-eabi/10.2.1/../../../../arm-none-eabi/lib/thumb/v7e-m+fp/hard\libc.a(lib_a-impure.o)
                0x00000000080046fc                _global_impure_ptr
 .rodata._setlocale_r.str1.4
                0x0000000008004700        0xd c:/users/user/appdata/roaming/code/user/globalstorage/bmd.stm32-for-vscode/@xpack-dev-tools/arm-none-eabi-gcc/10.2.1-1.1.2/.content/bin/../lib/gcc/arm-none-eabi/10.2.1/../../../../arm-none-eabi/lib/thumb/v7e-m+fp/hard\libc.a(lib_a-locale.o)
                0x0000000008004710                . = ALIGN (0x4)
 *fill*         0x000000000800470d        0x3 

.ARM.extab      0x0000000008004710        0xc
 *(.ARM.extab* .gnu.linkonce.armextab.*)
 .ARM.extab.text.abort
                0x0000000008004710        0xc c:/users/user/appdata/roaming/code/user/globalstorage/bmd.stm32-for-vscode/@xpack-dev-tools/arm-none-eabi-gcc/10.2.1-1.1.2/.content/bin/../lib/gcc/arm-none-eabi/10.2.1/../../../../arm-none-eabi/lib/thumb/v7e-m+fp/hard\libc.a(lib_a-abort.o)

.ARM            0x000000000800471c       0xd8
                0x000000000800471c                __exidx_start = .
 *(.ARM.exidx*)
 .ARM.exidx.text.__errno
                0x000000000800471c        0x8 c:/users/user/appdata/roaming/code/user/globalstorage/bmd.stm32-for-vscode/@xpack-dev-tools/arm-none-eabi-gcc/10.2.1-1.1.2/.content/bin/../lib/gcc/arm-none-eabi/10.2.1/../../../../arm-none-eabi/lib/thumb/v7e-m+fp/hard\libc.a(lib_a-errno.o)
 .ARM.exidx.text.__libc_init_array
                0x0000000008004724        0x8 c:/users/user/appdata/roaming/code/user/globalstorage/bmd.stm32-for-vscode/@xpack-dev-tools/arm-none-eabi-gcc/10.2.1-1.1.2/.content/bin/../lib/gcc/arm-none-eabi/10.2.1/../../../../arm-none-eabi/lib/thumb/v7e-m+fp/hard\libc.a(lib_a-init.o)
 .ARM.exidx.text.setlocale
                0x000000000800472c        0x8 c:/users/user/appdata/roaming/code/user/globalstorage/bmd.stm32-for-vscode/@xpack-dev-tools/arm-none-eabi-gcc/10.2.1-1.1.2/.content/bin/../lib/gcc/arm-none-eabi/10.2.1/../../../../arm-none-eabi/lib/thumb/v7e-m+fp/hard\libc.a(lib_a-locale.o)
 .ARM.exidx.text.memset
                0x0000000008004734        0x8 c:/users/user/appdata/roaming/code/user/globalstorage/bmd.stm32-for-vscode/@xpack-dev-tools/arm-none-eabi-gcc/10.2.1-1.1.2/.content/bin/../lib/gcc/arm-none-eabi/10.2.1/../../../../arm-none-eabi/lib/thumb/v7e-m+fp/hard\libc.a(lib_a-memset.o)
 .ARM.exidx.text.startup.register_fini
                0x000000000800473c        0x0 c:/users/user/appdata/roaming/code/user/globalstorage/bmd.stm32-for-vscode/@xpack-dev-tools/arm-none-eabi-gcc/10.2.1-1.1.2/.content/bin/../lib/gcc/arm-none-eabi/10.2.1/../../../../arm-none-eabi/lib/thumb/v7e-m+fp/hard\libc.a(lib_a-__call_atexit.o)
                                          0x8 (size before relaxing)
 .ARM.exidx.text.__libc_fini_array
                0x000000000800473c        0x8 c:/users/user/appdata/roaming/code/user/globalstorage/bmd.stm32-for-vscode/@xpack-dev-tools/arm-none-eabi-gcc/10.2.1-1.1.2/.content/bin/../lib/gcc/arm-none-eabi/10.2.1/../../../../arm-none-eabi/lib/thumb/v7e-m+fp/hard\libc.a(lib_a-fini.o)
 .ARM.exidx.text.__retarget_lock_acquire_recursive
                0x0000000008004744        0x8 c:/users/user/appdata/roaming/code/user/globalstorage/bmd.stm32-for-vscode/@xpack-dev-tools/arm-none-eabi-gcc/10.2.1-1.1.2/.content/bin/../lib/gcc/arm-none-eabi/10.2.1/../../../../arm-none-eabi/lib/thumb/v7e-m+fp/hard\libc.a(lib_a-lock.o)
 .ARM.exidx.text.__retarget_lock_release_recursive
                0x000000000800474c        0x0 c:/users/user/appdata/roaming/code/user/globalstorage/bmd.stm32-for-vscode/@xpack-dev-tools/arm-none-eabi-gcc/10.2.1-1.1.2/.content/bin/../lib/gcc/arm-none-eabi/10.2.1/../../../../arm-none-eabi/lib/thumb/v7e-m+fp/hard\libc.a(lib_a-lock.o)
                                          0x8 (size before relaxing)
 .ARM.exidx.text.atexit
                0x000000000800474c        0x0 c:/users/user/appdata/roaming/code/user/globalstorage/bmd.stm32-for-vscode/@xpack-dev-tools/arm-none-eabi-gcc/10.2.1-1.1.2/.content/bin/../lib/gcc/arm-none-eabi/10.2.1/../../../../arm-none-eabi/lib/thumb/v7e-m+fp/hard\libc.a(lib_a-atexit.o)
                                          0x8 (size before relaxing)
 .ARM.exidx.text.__register_exitproc
                0x000000000800474c        0x8 c:/users/user/appdata/roaming/code/user/globalstorage/bmd.stm32-for-vscode/@xpack-dev-tools/arm-none-eabi-gcc/10.2.1-1.1.2/.content/bin/../lib/gcc/arm-none-eabi/10.2.1/../../../../arm-none-eabi/lib/thumb/v7e-m+fp/hard\libc.a(lib_a-__atexit.o)
 .ARM.exidx.text.__udivmoddi4
                0x0000000008004754        0x8 c:/users/user/appdata/roaming/code/user/globalstorage/bmd.stm32-for-vscode/@xpack-dev-tools/arm-none-eabi-gcc/10.2.1-1.1.2/.content/bin/../lib/gcc/arm-none-eabi/10.2.1/thumb/v7e-m+fp/hard\libgcc.a(_udivmoddi4.o)
 .ARM.exidx.text.selfrel_offset31
                0x000000000800475c        0x0 c:/users/user/appdata/roaming/code/user/globalstorage/bmd.stm32-for-vscode/@xpack-dev-tools/arm-none-eabi-gcc/10.2.1-1.1.2/.content/bin/../lib/gcc/arm-none-eabi/10.2.1/thumb/v7e-m+fp/hard\libgcc.a(unwind-arm.o)
                                          0x8 (size before relaxing)
 .ARM.exidx.text.search_EIT_table
                0x000000000800475c        0x0 c:/users/user/appdata/roaming/code/user/globalstorage/bmd.stm32-for-vscode/@xpack-dev-tools/arm-none-eabi-gcc/10.2.1-1.1.2/.content/bin/../lib/gcc/arm-none-eabi/10.2.1/thumb/v7e-m+fp/hard\libgcc.a(unwind-arm.o)
                                          0x8 (size before relaxing)
 .ARM.exidx.text.__gnu_unwind_get_pr_addr
                0x000000000800475c        0x0 c:/users/user/appdata/roaming/code/user/globalstorage/bmd.stm32-for-vscode/@xpack-dev-tools/arm-none-eabi-gcc/10.2.1-1.1.2/.content/bin/../lib/gcc/arm-none-eabi/10.2.1/thumb/v7e-m+fp/hard\libgcc.a(unwind-arm.o)
                                          0x8 (size before relaxing)
 .ARM.exidx.text.get_eit_entry
                0x000000000800475c        0x8 c:/users/user/appdata/roaming/code/user/globalstorage/bmd.stm32-for-vscode/@xpack-dev-tools/arm-none-eabi-gcc/10.2.1-1.1.2/.content/bin/../lib/gcc/arm-none-eabi/10.2.1/thumb/v7e-m+fp/hard\libgcc.a(unwind-arm.o)
 .ARM.exidx.text.restore_non_core_regs
                0x0000000008004764        0x8 c:/users/user/appdata/roaming/code/user/globalstorage/bmd.stm32-for-vscode/@xpack-dev-tools/arm-none-eabi-gcc/10.2.1-1.1.2/.content/bin/../lib/gcc/arm-none-eabi/10.2.1/thumb/v7e-m+fp/hard\libgcc.a(unwind-arm.o)
 .ARM.exidx.text._Unwind_decode_typeinfo_ptr.constprop.0
                0x000000000800476c        0x8 c:/users/user/appdata/roaming/code/user/globalstorage/bmd.stm32-for-vscode/@xpack-dev-tools/arm-none-eabi-gcc/10.2.1-1.1.2/.content/bin/../lib/gcc/arm-none-eabi/10.2.1/thumb/v7e-m+fp/hard\libgcc.a(unwind-arm.o)
 .ARM.exidx.text._Unwind_DebugHook
                0x0000000008004774        0x0 c:/users/user/appdata/roaming/code/user/globalstorage/bmd.stm32-for-vscode/@xpack-dev-tools/arm-none-eabi-gcc/10.2.1-1.1.2/.content/bin/../lib/gcc/arm-none-eabi/10.2.1/thumb/v7e-m+fp/hard\libgcc.a(unwind-arm.o)
                                          0x8 (size before relaxing)
 .ARM.exidx.text.unwind_phase2
                0x0000000008004774        0x8 c:/users/user/appdata/roaming/code/user/globalstorage/bmd.stm32-for-vscode/@xpack-dev-tools/arm-none-eabi-gcc/10.2.1-1.1.2/.content/bin/../lib/gcc/arm-none-eabi/10.2.1/thumb/v7e-m+fp/hard\libgcc.a(unwind-arm.o)
 .ARM.exidx.text.unwind_phase2_forced
                0x000000000800477c        0x8 c:/users/user/appdata/roaming/code/user/globalstorage/bmd.stm32-for-vscode/@xpack-dev-tools/arm-none-eabi-gcc/10.2.1-1.1.2/.content/bin/../lib/gcc/arm-none-eabi/10.2.1/thumb/v7e-m+fp/hard\libgcc.a(unwind-arm.o)
 .ARM.exidx.text.__gnu_Unwind_RaiseException
                0x0000000008004784        0x8 c:/users/user/appdata/roaming/code/user/globalstorage/bmd.stm32-for-vscode/@xpack-dev-tools/arm-none-eabi-gcc/10.2.1-1.1.2/.content/bin/../lib/gcc/arm-none-eabi/10.2.1/thumb/v7e-m+fp/hard\libgcc.a(unwind-arm.o)
 .ARM.exidx.text.__gnu_Unwind_ForcedUnwind
                0x000000000800478c        0x8 c:/users/user/appdata/roaming/code/user/globalstorage/bmd.stm32-for-vscode/@xpack-dev-tools/arm-none-eabi-gcc/10.2.1-1.1.2/.content/bin/../lib/gcc/arm-none-eabi/10.2.1/thumb/v7e-m+fp/hard\libgcc.a(unwind-arm.o)
 .ARM.exidx.text.__gnu_Unwind_Resume
                0x0000000008004794        0x8 c:/users/user/appdata/roaming/code/user/globalstorage/bmd.stm32-for-vscode/@xpack-dev-tools/arm-none-eabi-gcc/10.2.1-1.1.2/.content/bin/../lib/gcc/arm-none-eabi/10.2.1/thumb/v7e-m+fp/hard\libgcc.a(unwind-arm.o)
 .ARM.exidx.text.__gnu_Unwind_Resume_or_Rethrow
                0x000000000800479c        0x8 c:/users/user/appdata/roaming/code/user/globalstorage/bmd.stm32-for-vscode/@xpack-dev-tools/arm-none-eabi-gcc/10.2.1-1.1.2/.content/bin/../lib/gcc/arm-none-eabi/10.2.1/thumb/v7e-m+fp/hard\libgcc.a(unwind-arm.o)
 .ARM.exidx.text._Unwind_VRS_Get
                0x00000000080047a4        0x0 c:/users/user/appdata/roaming/code/user/globalstorage/bmd.stm32-for-vscode/@xpack-dev-tools/arm-none-eabi-gcc/10.2.1-1.1.2/.content/bin/../lib/gcc/arm-none-eabi/10.2.1/thumb/v7e-m+fp/hard\libgcc.a(unwind-arm.o)
                                          0x8 (size before relaxing)
 .ARM.exidx.text._Unwind_GetGR
                0x00000000080047a4        0x0 c:/users/user/appdata/roaming/code/user/globalstorage/bmd.stm32-for-vscode/@xpack-dev-tools/arm-none-eabi-gcc/10.2.1-1.1.2/.content/bin/../lib/gcc/arm-none-eabi/10.2.1/thumb/v7e-m+fp/hard\libgcc.a(unwind-arm.o)
                                          0x8 (size before relaxing)
 .ARM.exidx.text._Unwind_VRS_Set
                0x00000000080047a4        0x0 c:/users/user/appdata/roaming/code/user/globalstorage/bmd.stm32-for-vscode/@xpack-dev-tools/arm-none-eabi-gcc/10.2.1-1.1.2/.content/bin/../lib/gcc/arm-none-eabi/10.2.1/thumb/v7e-m+fp/hard\libgcc.a(unwind-arm.o)
                                          0x8 (size before relaxing)
 .ARM.exidx.text._Unwind_SetGR
                0x00000000080047a4        0x0 c:/users/user/appdata/roaming/code/user/globalstorage/bmd.stm32-for-vscode/@xpack-dev-tools/arm-none-eabi-gcc/10.2.1-1.1.2/.content/bin/../lib/gcc/arm-none-eabi/10.2.1/thumb/v7e-m+fp/hard\libgcc.a(unwind-arm.o)
                                          0x8 (size before relaxing)
 .ARM.exidx.text.__gnu_Unwind_Backtrace
                0x00000000080047a4        0x8 c:/users/user/appdata/roaming/code/user/globalstorage/bmd.stm32-for-vscode/@xpack-dev-tools/arm-none-eabi-gcc/10.2.1-1.1.2/.content/bin/../lib/gcc/arm-none-eabi/10.2.1/thumb/v7e-m+fp/hard\libgcc.a(unwind-arm.o)
 .ARM.exidx.text.__gnu_unwind_pr_common
                0x00000000080047ac        0x8 c:/users/user/appdata/roaming/code/user/globalstorage/bmd.stm32-for-vscode/@xpack-dev-tools/arm-none-eabi-gcc/10.2.1-1.1.2/.content/bin/../lib/gcc/arm-none-eabi/10.2.1/thumb/v7e-m+fp/hard\libgcc.a(unwind-arm.o)
 .ARM.exidx.text.__aeabi_unwind_cpp_pr0
                0x00000000080047b4        0x8 c:/users/user/appdata/roaming/code/user/globalstorage/bmd.stm32-for-vscode/@xpack-dev-tools/arm-none-eabi-gcc/10.2.1-1.1.2/.content/bin/../lib/gcc/arm-none-eabi/10.2.1/thumb/v7e-m+fp/hard\libgcc.a(unwind-arm.o)
 .ARM.exidx.text.__aeabi_unwind_cpp_pr1
                0x00000000080047bc        0x0 c:/users/user/appdata/roaming/code/user/globalstorage/bmd.stm32-for-vscode/@xpack-dev-tools/arm-none-eabi-gcc/10.2.1-1.1.2/.content/bin/../lib/gcc/arm-none-eabi/10.2.1/thumb/v7e-m+fp/hard\libgcc.a(unwind-arm.o)
                                          0x8 (size before relaxing)
 .ARM.exidx.text.__aeabi_unwind_cpp_pr2
                0x00000000080047bc        0x0 c:/users/user/appdata/roaming/code/user/globalstorage/bmd.stm32-for-vscode/@xpack-dev-tools/arm-none-eabi-gcc/10.2.1-1.1.2/.content/bin/../lib/gcc/arm-none-eabi/10.2.1/thumb/v7e-m+fp/hard\libgcc.a(unwind-arm.o)
                                          0x8 (size before relaxing)
 .ARM.exidx.text._Unwind_VRS_Pop
                0x00000000080047bc        0x8 c:/users/user/appdata/roaming/code/user/globalstorage/bmd.stm32-for-vscode/@xpack-dev-tools/arm-none-eabi-gcc/10.2.1-1.1.2/.content/bin/../lib/gcc/arm-none-eabi/10.2.1/thumb/v7e-m+fp/hard\libgcc.a(unwind-arm.o)
 .ARM.exidx.text.next_unwind_byte
                0x00000000080047c4        0x8 c:/users/user/appdata/roaming/code/user/globalstorage/bmd.stm32-for-vscode/@xpack-dev-tools/arm-none-eabi-gcc/10.2.1-1.1.2/.content/bin/../lib/gcc/arm-none-eabi/10.2.1/thumb/v7e-m+fp/hard\libgcc.a(pr-support.o)
 .ARM.exidx.text.__gnu_unwind_execute
                0x00000000080047cc        0x8 c:/users/user/appdata/roaming/code/user/globalstorage/bmd.stm32-for-vscode/@xpack-dev-tools/arm-none-eabi-gcc/10.2.1-1.1.2/.content/bin/../lib/gcc/arm-none-eabi/10.2.1/thumb/v7e-m+fp/hard\libgcc.a(pr-support.o)
 .ARM.exidx.text.abort
                0x00000000080047d4        0x8 c:/users/user/appdata/roaming/code/user/globalstorage/bmd.stm32-for-vscode/@xpack-dev-tools/arm-none-eabi-gcc/10.2.1-1.1.2/.content/bin/../lib/gcc/arm-none-eabi/10.2.1/../../../../arm-none-eabi/lib/thumb/v7e-m+fp/hard\libc.a(lib_a-abort.o)
 .ARM.exidx.text.raise
                0x00000000080047dc        0x8 c:/users/user/appdata/roaming/code/user/globalstorage/bmd.stm32-for-vscode/@xpack-dev-tools/arm-none-eabi-gcc/10.2.1-1.1.2/.content/bin/../lib/gcc/arm-none-eabi/10.2.1/../../../../arm-none-eabi/lib/thumb/v7e-m+fp/hard\libc.a(lib_a-signal.o)
 .ARM.exidx.text._kill_r
                0x00000000080047e4        0x8 c:/users/user/appdata/roaming/code/user/globalstorage/bmd.stm32-for-vscode/@xpack-dev-tools/arm-none-eabi-gcc/10.2.1-1.1.2/.content/bin/../lib/gcc/arm-none-eabi/10.2.1/../../../../arm-none-eabi/lib/thumb/v7e-m+fp/hard\libc.a(lib_a-signalr.o)
 .ARM.exidx.text._getpid_r
                0x00000000080047ec        0x8 c:/users/user/appdata/roaming/code/user/globalstorage/bmd.stm32-for-vscode/@xpack-dev-tools/arm-none-eabi-gcc/10.2.1-1.1.2/.content/bin/../lib/gcc/arm-none-eabi/10.2.1/../../../../arm-none-eabi/lib/thumb/v7e-m+fp/hard\libc.a(lib_a-signalr.o)
                0x00000000080047f4                __exidx_end = .

.rel.dyn        0x00000000080047f4        0x0
 .rel.iplt      0x00000000080047f4        0x0 c:/users/user/appdata/roaming/code/user/globalstorage/bmd.stm32-for-vscode/@xpack-dev-tools/arm-none-eabi-gcc/10.2.1-1.1.2/.content/bin/../lib/gcc/arm-none-eabi/10.2.1/thumb/v7e-m+fp/hard/crtbegin.o

.preinit_array  0x00000000080047f4        0x0
                0x00000000080047f4                PROVIDE (__preinit_array_start = .)
 *(.preinit_array*)
                0x00000000080047f4                PROVIDE (__preinit_array_end = .)

.init_array     0x00000000080047f4        0x8
                0x00000000080047f4                PROVIDE (__init_array_start = .)
 *(SORT_BY_NAME(.init_array.*))
 .init_array.00000
                0x00000000080047f4        0x4 c:/users/user/appdata/roaming/code/user/globalstorage/bmd.stm32-for-vscode/@xpack-dev-tools/arm-none-eabi-gcc/10.2.1-1.1.2/.content/bin/../lib/gcc/arm-none-eabi/10.2.1/../../../../arm-none-eabi/lib/thumb/v7e-m+fp/hard\libc.a(lib_a-__call_atexit.o)
 *(.init_array*)
 .init_array    0x00000000080047f8        0x4 c:/users/user/appdata/roaming/code/user/globalstorage/bmd.stm32-for-vscode/@xpack-dev-tools/arm-none-eabi-gcc/10.2.1-1.1.2/.content/bin/../lib/gcc/arm-none-eabi/10.2.1/thumb/v7e-m+fp/hard/crtbegin.o
                0x00000000080047fc                PROVIDE (__init_array_end = .)

.fini_array     0x00000000080047fc        0x4
                0x00000000080047fc                PROVIDE (__fini_array_start = .)
 *(SORT_BY_NAME(.fini_array.*))
 *(.fini_array*)
 .fini_array    0x00000000080047fc        0x4 c:/users/user/appdata/roaming/code/user/globalstorage/bmd.stm32-for-vscode/@xpack-dev-tools/arm-none-eabi-gcc/10.2.1-1.1.2/.content/bin/../lib/gcc/arm-none-eabi/10.2.1/thumb/v7e-m+fp/hard/crtbegin.o
                0x0000000008004800                PROVIDE (__fini_array_end = .)
                0x0000000008004800                _sidata = LOADADDR (.data)

.data           0x0000000020000000      0x5f4 load address 0x0000000008004800
                0x0000000020000000                . = ALIGN (0x4)
                0x0000000020000000                _sdata = .
 *(.data)
 *(.data*)
 .data.Celcium  0x0000000020000000        0x5 build/WS2812B.o
                0x0000000020000000                Celcium
 *fill*         0x0000000020000005        0x3 
 .data.Dot      0x0000000020000008        0x5 build/WS2812B.o
                0x0000000020000008                Dot
 *fill*         0x000000002000000d        0x3 
 .data.DoubleDot
                0x0000000020000010        0x5 build/WS2812B.o
                0x0000000020000010                DoubleDot
 *fill*         0x0000000020000015        0x3 
 .data.Eng_A    0x0000000020000018        0x5 build/WS2812B.o
                0x0000000020000018                Eng_A
 *fill*         0x000000002000001d        0x3 
 .data.Eng_B    0x0000000020000020        0x5 build/WS2812B.o
                0x0000000020000020                Eng_B
 *fill*         0x0000000020000025        0x3 
 .data.Eng_C    0x0000000020000028        0x5 build/WS2812B.o
                0x0000000020000028                Eng_C
 *fill*         0x000000002000002d        0x3 
 .data.Eng_D    0x0000000020000030        0x5 build/WS2812B.o
                0x0000000020000030                Eng_D
 *fill*         0x0000000020000035        0x3 
 .data.Eng_E    0x0000000020000038        0x5 build/WS2812B.o
                0x0000000020000038                Eng_E
 *fill*         0x000000002000003d        0x3 
 .data.Eng_F    0x0000000020000040        0x5 build/WS2812B.o
                0x0000000020000040                Eng_F
 *fill*         0x0000000020000045        0x3 
 .data.Eng_G    0x0000000020000048        0x5 build/WS2812B.o
                0x0000000020000048                Eng_G
 *fill*         0x000000002000004d        0x3 
 .data.Eng_H    0x0000000020000050        0x5 build/WS2812B.o
                0x0000000020000050                Eng_H
 *fill*         0x0000000020000055        0x3 
 .data.Eng_I    0x0000000020000058        0x5 build/WS2812B.o
                0x0000000020000058                Eng_I
 *fill*         0x000000002000005d        0x3 
 .data.Eng_J    0x0000000020000060        0x5 build/WS2812B.o
                0x0000000020000060                Eng_J
 *fill*         0x0000000020000065        0x3 
 .data.Eng_K    0x0000000020000068        0x5 build/WS2812B.o
                0x0000000020000068                Eng_K
 *fill*         0x000000002000006d        0x3 
 .data.Eng_L    0x0000000020000070        0x5 build/WS2812B.o
                0x0000000020000070                Eng_L
 *fill*         0x0000000020000075        0x3 
 .data.Eng_M    0x0000000020000078        0x5 build/WS2812B.o
                0x0000000020000078                Eng_M
 *fill*         0x000000002000007d        0x3 
 .data.Eng_N    0x0000000020000080        0x5 build/WS2812B.o
                0x0000000020000080                Eng_N
 *fill*         0x0000000020000085        0x3 
 .data.Eng_O    0x0000000020000088        0x5 build/WS2812B.o
                0x0000000020000088                Eng_O
 *fill*         0x000000002000008d        0x3 
 .data.Eng_P    0x0000000020000090        0x5 build/WS2812B.o
                0x0000000020000090                Eng_P
 *fill*         0x0000000020000095        0x3 
 .data.Eng_Q    0x0000000020000098        0x5 build/WS2812B.o
                0x0000000020000098                Eng_Q
 *fill*         0x000000002000009d        0x3 
 .data.Eng_R    0x00000000200000a0        0x5 build/WS2812B.o
                0x00000000200000a0                Eng_R
 *fill*         0x00000000200000a5        0x3 
 .data.Eng_S    0x00000000200000a8        0x5 build/WS2812B.o
                0x00000000200000a8                Eng_S
 *fill*         0x00000000200000ad        0x3 
 .data.Eng_T    0x00000000200000b0        0x5 build/WS2812B.o
                0x00000000200000b0                Eng_T
 *fill*         0x00000000200000b5        0x3 
 .data.Eng_U    0x00000000200000b8        0x5 build/WS2812B.o
                0x00000000200000b8                Eng_U
 *fill*         0x00000000200000bd        0x3 
 .data.Eng_V    0x00000000200000c0        0x5 build/WS2812B.o
                0x00000000200000c0                Eng_V
 *fill*         0x00000000200000c5        0x3 
 .data.Eng_W    0x00000000200000c8        0x5 build/WS2812B.o
                0x00000000200000c8                Eng_W
 *fill*         0x00000000200000cd        0x3 
 .data.Eng_X    0x00000000200000d0        0x5 build/WS2812B.o
                0x00000000200000d0                Eng_X
 *fill*         0x00000000200000d5        0x3 
 .data.Eng_Y    0x00000000200000d8        0x5 build/WS2812B.o
                0x00000000200000d8                Eng_Y
 *fill*         0x00000000200000dd        0x3 
 .data.Eng_Z    0x00000000200000e0        0x5 build/WS2812B.o
                0x00000000200000e0                Eng_Z
 *fill*         0x00000000200000e5        0x3 
 .data.Eng_a    0x00000000200000e8        0x5 build/WS2812B.o
                0x00000000200000e8                Eng_a
 *fill*         0x00000000200000ed        0x3 
 .data.Eng_c    0x00000000200000f0        0x5 build/WS2812B.o
                0x00000000200000f0                Eng_c
 *fill*         0x00000000200000f5        0x3 
 .data.Eng_o    0x00000000200000f8        0x5 build/WS2812B.o
                0x00000000200000f8                Eng_o
 *fill*         0x00000000200000fd        0x3 
 .data.Eng_u    0x0000000020000100        0x5 build/WS2812B.o
                0x0000000020000100                Eng_u
 *fill*         0x0000000020000105        0x3 
 .data.Eng_v    0x0000000020000108        0x5 build/WS2812B.o
                0x0000000020000108                Eng_v
 *fill*         0x000000002000010d        0x3 
 .data.Minus    0x0000000020000110        0x5 build/WS2812B.o
                0x0000000020000110                Minus
 *fill*         0x0000000020000115        0x3 
 .data.Num_0    0x0000000020000118        0x5 build/WS2812B.o
                0x0000000020000118                Num_0
 *fill*         0x000000002000011d        0x3 
 .data.Num_1    0x0000000020000120        0x5 build/WS2812B.o
                0x0000000020000120                Num_1
 *fill*         0x0000000020000125        0x3 
 .data.Num_2    0x0000000020000128        0x5 build/WS2812B.o
                0x0000000020000128                Num_2
 *fill*         0x000000002000012d        0x3 
 .data.Num_3    0x0000000020000130        0x5 build/WS2812B.o
                0x0000000020000130                Num_3
 *fill*         0x0000000020000135        0x3 
 .data.Num_4    0x0000000020000138        0x5 build/WS2812B.o
                0x0000000020000138                Num_4
 *fill*         0x000000002000013d        0x3 
 .data.Num_5    0x0000000020000140        0x5 build/WS2812B.o
                0x0000000020000140                Num_5
 *fill*         0x0000000020000145        0x3 
 .data.Num_6    0x0000000020000148        0x5 build/WS2812B.o
                0x0000000020000148                Num_6
 *fill*         0x000000002000014d        0x3 
 .data.Num_7    0x0000000020000150        0x5 build/WS2812B.o
                0x0000000020000150                Num_7
 *fill*         0x0000000020000155        0x3 
 .data.Num_8    0x0000000020000158        0x5 build/WS2812B.o
                0x0000000020000158                Num_8
 *fill*         0x000000002000015d        0x3 
 .data.Num_9    0x0000000020000160        0x5 build/WS2812B.o
                0x0000000020000160                Num_9
 *fill*         0x0000000020000165        0x3 
 .data.Plus     0x0000000020000168        0x5 build/WS2812B.o
                0x0000000020000168                Plus
 *fill*         0x000000002000016d        0x3 
 .data.Slash    0x0000000020000170        0x5 build/WS2812B.o
                0x0000000020000170                Slash
 *fill*         0x0000000020000175        0x3 
 .data.Ukr_ch   0x0000000020000178        0x5 build/WS2812B.o
                0x0000000020000178                Ukr_ch
 *fill*         0x000000002000017d        0x3 
 .data.Ukr_d    0x0000000020000180        0x5 build/WS2812B.o
                0x0000000020000180                Ukr_d
 *fill*         0x0000000020000185        0x3 
 .data.Ukr_g    0x0000000020000188        0x5 build/WS2812B.o
                0x0000000020000188                Ukr_g
 *fill*         0x000000002000018d        0x3 
 .data.Ukr_k    0x0000000020000190        0x5 build/WS2812B.o
                0x0000000020000190                Ukr_k
 *fill*         0x0000000020000195        0x3 
 .data.Ukr_m    0x0000000020000198        0x5 build/WS2812B.o
                0x0000000020000198                Ukr_m
 *fill*         0x000000002000019d        0x3 
 .data.WS2812_IO_High
                0x00000000200001a0        0x4 build/WS2812B_Core.o
                0x00000000200001a0                WS2812_IO_High
 .data.WS2812_IO_Low
                0x00000000200001a4        0x4 build/WS2812B_Core.o
                0x00000000200001a4                WS2812_IO_Low
 .data.blue     0x00000000200001a8        0x3 build/main.o
                0x00000000200001a8                blue
 *fill*         0x00000000200001ab        0x1 
 .data.green    0x00000000200001ac        0x3 build/main.o
                0x00000000200001ac                green
 *fill*         0x00000000200001af        0x1 
 .data.msA      0x00000000200001b0        0x2 build/main.o
                0x00000000200001b0                msA
 *fill*         0x00000000200001b2        0x2 
 .data.msB      0x00000000200001b4        0x2 build/main.o
                0x00000000200001b4                msB
 .data.x        0x00000000200001b6        0x1 build/main.o
                0x00000000200001b6                x
 *fill*         0x00000000200001b7        0x1 
 .data.SystemCoreClock
                0x00000000200001b8        0x4 build/system_stm32f4xx.o
                0x00000000200001b8                SystemCoreClock
 .data.uwTickFreq
                0x00000000200001bc        0x1 build/stm32f4xx_hal.o
                0x00000000200001bc                uwTickFreq
 *fill*         0x00000000200001bd        0x3 
 .data.uwTickPrio
                0x00000000200001c0        0x4 build/stm32f4xx_hal.o
                0x00000000200001c0                uwTickPrio
 .data._impure_ptr
                0x00000000200001c4        0x4 c:/users/user/appdata/roaming/code/user/globalstorage/bmd.stm32-for-vscode/@xpack-dev-tools/arm-none-eabi-gcc/10.2.1-1.1.2/.content/bin/../lib/gcc/arm-none-eabi/10.2.1/../../../../arm-none-eabi/lib/thumb/v7e-m+fp/hard\libc.a(lib_a-impure.o)
                0x00000000200001c4                _impure_ptr
 .data.impure_data
                0x00000000200001c8      0x428 c:/users/user/appdata/roaming/code/user/globalstorage/bmd.stm32-for-vscode/@xpack-dev-tools/arm-none-eabi-gcc/10.2.1-1.1.2/.content/bin/../lib/gcc/arm-none-eabi/10.2.1/../../../../arm-none-eabi/lib/thumb/v7e-m+fp/hard\libc.a(lib_a-impure.o)
 .data.__atexit_recursive_mutex
                0x00000000200005f0        0x4 c:/users/user/appdata/roaming/code/user/globalstorage/bmd.stm32-for-vscode/@xpack-dev-tools/arm-none-eabi-gcc/10.2.1-1.1.2/.content/bin/../lib/gcc/arm-none-eabi/10.2.1/../../../../arm-none-eabi/lib/thumb/v7e-m+fp/hard\libc.a(lib_a-__call_atexit.o)
                0x00000000200005f0                __atexit_recursive_mutex
                0x00000000200005f4                . = ALIGN (0x4)
                0x00000000200005f4                _edata = .
                0x0000000008004df4                _siccmram = LOADADDR (.ccmram)

.igot.plt       0x00000000200005f4        0x0 load address 0x0000000008004df4
 .igot.plt      0x00000000200005f4        0x0 c:/users/user/appdata/roaming/code/user/globalstorage/bmd.stm32-for-vscode/@xpack-dev-tools/arm-none-eabi-gcc/10.2.1-1.1.2/.content/bin/../lib/gcc/arm-none-eabi/10.2.1/thumb/v7e-m+fp/hard/crtbegin.o

.ccmram         0x0000000010000000        0x0 load address 0x0000000008004df4
                0x0000000010000000                . = ALIGN (0x4)
                0x0000000010000000                _sccmram = .
 *(.ccmram)
 *(.ccmram*)
                0x0000000010000000                . = ALIGN (0x4)
                0x0000000010000000                _eccmram = .
                0x0000000010000000                . = ALIGN (0x4)

.bss            0x00000000200005f4     0x1640
                0x00000000200005f4                _sbss = .
                0x00000000200005f4                __bss_start__ = _sbss
 *(.bss)
 *(.bss*)
 .bss.completed.1
                0x00000000200005f4        0x1 c:/users/user/appdata/roaming/code/user/globalstorage/bmd.stm32-for-vscode/@xpack-dev-tools/arm-none-eabi-gcc/10.2.1-1.1.2/.content/bin/../lib/gcc/arm-none-eabi/10.2.1/thumb/v7e-m+fp/hard/crtbegin.o
 *fill*         0x00000000200005f5        0x3 
 .bss.object.0  0x00000000200005f8       0x18 c:/users/user/appdata/roaming/code/user/globalstorage/bmd.stm32-for-vscode/@xpack-dev-tools/arm-none-eabi-gcc/10.2.1-1.1.2/.content/bin/../lib/gcc/arm-none-eabi/10.2.1/thumb/v7e-m+fp/hard/crtbegin.o
 .bss.Space     0x0000000020000610        0x5 build/WS2812B.o
                0x0000000020000610                Space
 *fill*         0x0000000020000615        0x3 
 .bss.TIM1_handle
                0x0000000020000618       0x48 build/WS2812B_Core.o
                0x0000000020000618                TIM1_handle
 .bss.dmaCC1    0x0000000020000660       0x60 build/WS2812B_Core.o
                0x0000000020000660                dmaCC1
 .bss.dmaCC2    0x00000000200006c0       0x60 build/WS2812B_Core.o
                0x00000000200006c0                dmaCC2
 .bss.dmaUpdate
                0x0000000020000720       0x60 build/WS2812B_Core.o
                0x0000000020000720                dmaUpdate
 .bss.tim2OC1   0x0000000020000780       0x1c build/WS2812B_Core.o
                0x0000000020000780                tim2OC1
 .bss.tim2OC2   0x000000002000079c       0x1c build/WS2812B_Core.o
                0x000000002000079c                tim2OC2
 .bss.tim_period
                0x00000000200007b8        0x4 build/WS2812B_Core.o
                0x00000000200007b8                tim_period
 .bss.timer_reset_pulse_period
                0x00000000200007bc        0x4 build/WS2812B_Core.o
                0x00000000200007bc                timer_reset_pulse_period
 .bss.ws2812b   0x00000000200007c0       0x3c build/WS2812B_Core.o
                0x00000000200007c0                ws2812b
 .bss.ws2812bDmaBitBuffer
                0x00000000200007fc       0x60 build/WS2812B_Core.o
                0x00000000200007fc                ws2812bDmaBitBuffer
 .bss.frameBuffer1
                0x000000002000085c      0x900 build/WS2812B_Effects.o
                0x000000002000085c                frameBuffer1
 .bss.frameBuffer2
                0x000000002000115c      0x600 build/WS2812B_Effects.o
                0x000000002000115c                frameBuffer2
 .bss.frameBuffer3
                0x000000002000175c      0x300 build/WS2812B_Effects.o
                0x000000002000175c                frameBuffer3
 .bss.Time      0x0000000020001a5c        0x4 build/main.o
                0x0000000020001a5c                Time
 .bss.coun      0x0000000020001a60        0x4 build/main.o
                0x0000000020001a60                coun
 .bss.fone      0x0000000020001a64        0x3 build/main.o
                0x0000000020001a64                fone
 *fill*         0x0000000020001a67        0x1 
 .bss.htim6     0x0000000020001a68       0x48 build/main.o
                0x0000000020001a68                htim6
 .bss.huart1    0x0000000020001ab0       0x44 build/main.o
                0x0000000020001ab0                huart1
 .bss.huart2    0x0000000020001af4       0x44 build/main.o
                0x0000000020001af4                huart2
 .bss.matrixA   0x0000000020001b38       0x18 build/main.o
                0x0000000020001b38                matrixA
 .bss.matrixAsymc
                0x0000000020001b50       0x4b build/main.o
                0x0000000020001b50                matrixAsymc
 *fill*         0x0000000020001b9b        0x1 
 .bss.matrixB   0x0000000020001b9c       0x18 build/main.o
                0x0000000020001b9c                matrixB
 .bss.matrixBsymc
                0x0000000020001bb4       0x32 build/main.o
                0x0000000020001bb4                matrixBsymc
 *fill*         0x0000000020001be6        0x2 
 .bss.matrixC   0x0000000020001be8       0x18 build/main.o
                0x0000000020001be8                matrixC
 .bss.matrixCsymc
                0x0000000020001c00       0x19 build/main.o
                0x0000000020001c00                matrixCsymc
 *fill*         0x0000000020001c19        0x3 
 .bss.num       0x0000000020001c1c        0x4 build/main.o
                0x0000000020001c1c                num
 .bss.realtime  0x0000000020001c20        0x6 build/main.o
                0x0000000020001c20                realtime
 *fill*         0x0000000020001c26        0x2 
 .bss.uwTick    0x0000000020001c28        0x4 build/stm32f4xx_hal.o
                0x0000000020001c28                uwTick
 .bss.__lock___atexit_recursive_mutex
                0x0000000020001c2c        0x1 c:/users/user/appdata/roaming/code/user/globalstorage/bmd.stm32-for-vscode/@xpack-dev-tools/arm-none-eabi-gcc/10.2.1-1.1.2/.content/bin/../lib/gcc/arm-none-eabi/10.2.1/../../../../arm-none-eabi/lib/thumb/v7e-m+fp/hard\libc.a(lib_a-lock.o)
                0x0000000020001c2c                __lock___atexit_recursive_mutex
 *fill*         0x0000000020001c2d        0x3 
 .bss.errno     0x0000000020001c30        0x4 c:/users/user/appdata/roaming/code/user/globalstorage/bmd.stm32-for-vscode/@xpack-dev-tools/arm-none-eabi-gcc/10.2.1-1.1.2/.content/bin/../lib/gcc/arm-none-eabi/10.2.1/../../../../arm-none-eabi/lib/thumb/v7e-m+fp/hard\libc.a(lib_a-reent.o)
                0x0000000020001c30                errno
 *(COMMON)
                0x0000000020001c34                . = ALIGN (0x4)
                0x0000000020001c34                _ebss = .
                0x0000000020001c34                __bss_end__ = _ebss

._user_heap_stack
                0x0000000020001c34      0x604
                0x0000000020001c38                . = ALIGN (0x8)
 *fill*         0x0000000020001c34        0x4 
                0x0000000020001c38                PROVIDE (end = .)
                [!provide]                        PROVIDE (_end = .)
                0x0000000020001e38                . = (. + _Min_Heap_Size)
 *fill*         0x0000000020001c38      0x200 
                0x0000000020002238                . = (. + _Min_Stack_Size)
 *fill*         0x0000000020001e38      0x400 
                0x0000000020002238                . = ALIGN (0x8)

/DISCARD/
 libc.a(*)
 libm.a(*)
 libgcc.a(*)

.ARM.attributes
                0x0000000000000000       0x30
 *(.ARM.attributes)
 .ARM.attributes
                0x0000000000000000       0x1e c:/users/user/appdata/roaming/code/user/globalstorage/bmd.stm32-for-vscode/@xpack-dev-tools/arm-none-eabi-gcc/10.2.1-1.1.2/.content/bin/../lib/gcc/arm-none-eabi/10.2.1/thumb/v7e-m+fp/hard/crti.o
 .ARM.attributes
                0x000000000000001e       0x34 c:/users/user/appdata/roaming/code/user/globalstorage/bmd.stm32-for-vscode/@xpack-dev-tools/arm-none-eabi-gcc/10.2.1-1.1.2/.content/bin/../lib/gcc/arm-none-eabi/10.2.1/thumb/v7e-m+fp/hard/crtbegin.o
 .ARM.attributes
                0x0000000000000052       0x34 build/NOS_Math.o
 .ARM.attributes
                0x0000000000000086       0x34 build/NOS_Time.o
 .ARM.attributes
                0x00000000000000ba       0x34 build/WS2812B.o
 .ARM.attributes
                0x00000000000000ee       0x34 build/WS2812B_Core.o
 .ARM.attributes
                0x0000000000000122       0x34 build/WS2812B_Effects.o
 .ARM.attributes
                0x0000000000000156       0x34 build/main.o
 .ARM.attributes
                0x000000000000018a       0x34 build/stm32f4xx_hal_msp.o
 .ARM.attributes
                0x00000000000001be       0x34 build/stm32f4xx_it.o
 .ARM.attributes
                0x00000000000001f2       0x34 build/system_stm32f4xx.o
 .ARM.attributes
                0x0000000000000226       0x34 build/stm32f4xx_hal.o
 .ARM.attributes
                0x000000000000025a       0x34 build/stm32f4xx_hal_cortex.o
 .ARM.attributes
                0x000000000000028e       0x34 build/stm32f4xx_hal_dma.o
 .ARM.attributes
                0x00000000000002c2       0x34 build/stm32f4xx_hal_gpio.o
 .ARM.attributes
                0x00000000000002f6       0x34 build/stm32f4xx_hal_rcc.o
 .ARM.attributes
                0x000000000000032a       0x34 build/stm32f4xx_hal_tim.o
 .ARM.attributes
                0x000000000000035e       0x34 build/stm32f4xx_hal_tim_ex.o
 .ARM.attributes
                0x0000000000000392       0x34 build/stm32f4xx_hal_uart.o
 .ARM.attributes
                0x00000000000003c6       0x21 build/startup_stm32f407xx.o
 .ARM.attributes
                0x00000000000003e7       0x32 c:/users/user/appdata/roaming/code/user/globalstorage/bmd.stm32-for-vscode/@xpack-dev-tools/arm-none-eabi-gcc/10.2.1-1.1.2/.content/bin/../lib/gcc/arm-none-eabi/10.2.1/../../../../arm-none-eabi/lib/thumb/v7e-m+fp/hard\libc.a(lib_a-impure.o)
 .ARM.attributes
                0x0000000000000419       0x34 c:/users/user/appdata/roaming/code/user/globalstorage/bmd.stm32-for-vscode/@xpack-dev-tools/arm-none-eabi-gcc/10.2.1-1.1.2/.content/bin/../lib/gcc/arm-none-eabi/10.2.1/../../../../arm-none-eabi/lib/thumb/v7e-m+fp/hard\libc.a(lib_a-init.o)
 .ARM.attributes
                0x000000000000044d       0x34 c:/users/user/appdata/roaming/code/user/globalstorage/bmd.stm32-for-vscode/@xpack-dev-tools/arm-none-eabi-gcc/10.2.1-1.1.2/.content/bin/../lib/gcc/arm-none-eabi/10.2.1/../../../../arm-none-eabi/lib/thumb/v7e-m+fp/hard\libc.a(lib_a-locale.o)
 .ARM.attributes
                0x0000000000000481       0x34 c:/users/user/appdata/roaming/code/user/globalstorage/bmd.stm32-for-vscode/@xpack-dev-tools/arm-none-eabi-gcc/10.2.1-1.1.2/.content/bin/../lib/gcc/arm-none-eabi/10.2.1/../../../../arm-none-eabi/lib/thumb/v7e-m+fp/hard\libc.a(lib_a-memset.o)
 .ARM.attributes
                0x00000000000004b5       0x1c c:/users/user/appdata/roaming/code/user/globalstorage/bmd.stm32-for-vscode/@xpack-dev-tools/arm-none-eabi-gcc/10.2.1-1.1.2/.content/bin/../lib/gcc/arm-none-eabi/10.2.1/../../../../arm-none-eabi/lib/thumb/v7e-m+fp/hard\libc.a(lib_a-strcmp.o)
 .ARM.attributes
                0x00000000000004d1       0x34 c:/users/user/appdata/roaming/code/user/globalstorage/bmd.stm32-for-vscode/@xpack-dev-tools/arm-none-eabi-gcc/10.2.1-1.1.2/.content/bin/../lib/gcc/arm-none-eabi/10.2.1/../../../../arm-none-eabi/lib/thumb/v7e-m+fp/hard\libc.a(lib_a-__call_atexit.o)
 .ARM.attributes
                0x0000000000000505       0x34 c:/users/user/appdata/roaming/code/user/globalstorage/bmd.stm32-for-vscode/@xpack-dev-tools/arm-none-eabi-gcc/10.2.1-1.1.2/.content/bin/../lib/gcc/arm-none-eabi/10.2.1/../../../../arm-none-eabi/lib/thumb/v7e-m+fp/hard\libc.a(lib_a-fini.o)
 .ARM.attributes
                0x0000000000000539       0x34 c:/users/user/appdata/roaming/code/user/globalstorage/bmd.stm32-for-vscode/@xpack-dev-tools/arm-none-eabi-gcc/10.2.1-1.1.2/.content/bin/../lib/gcc/arm-none-eabi/10.2.1/../../../../arm-none-eabi/lib/thumb/v7e-m+fp/hard\libc.a(lib_a-lock.o)
 .ARM.attributes
                0x000000000000056d       0x34 c:/users/user/appdata/roaming/code/user/globalstorage/bmd.stm32-for-vscode/@xpack-dev-tools/arm-none-eabi-gcc/10.2.1-1.1.2/.content/bin/../lib/gcc/arm-none-eabi/10.2.1/../../../../arm-none-eabi/lib/thumb/v7e-m+fp/hard\libc.a(lib_a-atexit.o)
 .ARM.attributes
                0x00000000000005a1       0x34 c:/users/user/appdata/roaming/code/user/globalstorage/bmd.stm32-for-vscode/@xpack-dev-tools/arm-none-eabi-gcc/10.2.1-1.1.2/.content/bin/../lib/gcc/arm-none-eabi/10.2.1/../../../../arm-none-eabi/lib/thumb/v7e-m+fp/hard\libc.a(lib_a-__atexit.o)
 .ARM.attributes
                0x00000000000005d5       0x1e c:/users/user/appdata/roaming/code/user/globalstorage/bmd.stm32-for-vscode/@xpack-dev-tools/arm-none-eabi-gcc/10.2.1-1.1.2/.content/bin/../lib/gcc/arm-none-eabi/10.2.1/thumb/v7e-m+fp/hard\libgcc.a(_aeabi_uldivmod.o)
 .ARM.attributes
                0x00000000000005f3       0x34 c:/users/user/appdata/roaming/code/user/globalstorage/bmd.stm32-for-vscode/@xpack-dev-tools/arm-none-eabi-gcc/10.2.1-1.1.2/.content/bin/../lib/gcc/arm-none-eabi/10.2.1/thumb/v7e-m+fp/hard\libgcc.a(_udivmoddi4.o)
 .ARM.attributes
                0x0000000000000627       0x34 c:/users/user/appdata/roaming/code/user/globalstorage/bmd.stm32-for-vscode/@xpack-dev-tools/arm-none-eabi-gcc/10.2.1-1.1.2/.content/bin/../lib/gcc/arm-none-eabi/10.2.1/thumb/v7e-m+fp/hard\libgcc.a(unwind-arm.o)
 .ARM.attributes
                0x000000000000065b       0x1e c:/users/user/appdata/roaming/code/user/globalstorage/bmd.stm32-for-vscode/@xpack-dev-tools/arm-none-eabi-gcc/10.2.1-1.1.2/.content/bin/../lib/gcc/arm-none-eabi/10.2.1/thumb/v7e-m+fp/hard\libgcc.a(libunwind.o)
 .ARM.attributes
                0x0000000000000679       0x34 c:/users/user/appdata/roaming/code/user/globalstorage/bmd.stm32-for-vscode/@xpack-dev-tools/arm-none-eabi-gcc/10.2.1-1.1.2/.content/bin/../lib/gcc/arm-none-eabi/10.2.1/thumb/v7e-m+fp/hard\libgcc.a(pr-support.o)
 .ARM.attributes
                0x00000000000006ad       0x1e c:/users/user/appdata/roaming/code/user/globalstorage/bmd.stm32-for-vscode/@xpack-dev-tools/arm-none-eabi-gcc/10.2.1-1.1.2/.content/bin/../lib/gcc/arm-none-eabi/10.2.1/thumb/v7e-m+fp/hard\libgcc.a(_dvmd_tls.o)
 .ARM.attributes
                0x00000000000006cb       0x34 c:/users/user/appdata/roaming/code/user/globalstorage/bmd.stm32-for-vscode/@xpack-dev-tools/arm-none-eabi-gcc/10.2.1-1.1.2/.content/bin/../lib/gcc/arm-none-eabi/10.2.1/../../../../arm-none-eabi/lib/thumb/v7e-m+fp/hard\libc.a(lib_a-abort.o)
 .ARM.attributes
                0x00000000000006ff       0x1c c:/users/user/appdata/roaming/code/user/globalstorage/bmd.stm32-for-vscode/@xpack-dev-tools/arm-none-eabi-gcc/10.2.1-1.1.2/.content/bin/../lib/gcc/arm-none-eabi/10.2.1/../../../../arm-none-eabi/lib/thumb/v7e-m+fp/hard\libc.a(lib_a-memcpy.o)
 .ARM.attributes
                0x000000000000071b       0x34 c:/users/user/appdata/roaming/code/user/globalstorage/bmd.stm32-for-vscode/@xpack-dev-tools/arm-none-eabi-gcc/10.2.1-1.1.2/.content/bin/../lib/gcc/arm-none-eabi/10.2.1/../../../../arm-none-eabi/lib/thumb/v7e-m+fp/hard\libc.a(lib_a-signal.o)
 .ARM.attributes
                0x000000000000074f       0x34 c:/users/user/appdata/roaming/code/user/globalstorage/bmd.stm32-for-vscode/@xpack-dev-tools/arm-none-eabi-gcc/10.2.1-1.1.2/.content/bin/../lib/gcc/arm-none-eabi/10.2.1/../../../../arm-none-eabi/lib/thumb/v7e-m+fp/hard\libc.a(lib_a-signalr.o)
 .ARM.attributes
                0x0000000000000783       0x34 c:/users/user/appdata/roaming/code/user/globalstorage/bmd.stm32-for-vscode/@xpack-dev-tools/arm-none-eabi-gcc/10.2.1-1.1.2/.content/bin/../lib/gcc/arm-none-eabi/10.2.1/../../../../arm-none-eabi/lib/thumb/v7e-m+fp/hard\libc.a(lib_a-reent.o)
 .ARM.attributes
                0x00000000000007b7       0x1e c:/users/user/appdata/roaming/code/user/globalstorage/bmd.stm32-for-vscode/@xpack-dev-tools/arm-none-eabi-gcc/10.2.1-1.1.2/.content/bin/../lib/gcc/arm-none-eabi/10.2.1/thumb/v7e-m+fp/hard/crtn.o
OUTPUT(build/TI-03.elf elf32-littlearm)
LOAD linker stubs
LOAD c:/users/user/appdata/roaming/code/user/globalstorage/bmd.stm32-for-vscode/@xpack-dev-tools/arm-none-eabi-gcc/10.2.1-1.1.2/.content/bin/../lib/gcc/arm-none-eabi/10.2.1/../../../../arm-none-eabi/lib/thumb/v7e-m+fp/hard\libc.a
LOAD c:/users/user/appdata/roaming/code/user/globalstorage/bmd.stm32-for-vscode/@xpack-dev-tools/arm-none-eabi-gcc/10.2.1-1.1.2/.content/bin/../lib/gcc/arm-none-eabi/10.2.1/../../../../arm-none-eabi/lib/thumb/v7e-m+fp/hard\libm.a
LOAD c:/users/user/appdata/roaming/code/user/globalstorage/bmd.stm32-for-vscode/@xpack-dev-tools/arm-none-eabi-gcc/10.2.1-1.1.2/.content/bin/../lib/gcc/arm-none-eabi/10.2.1/thumb/v7e-m+fp/hard\libgcc.a

.debug_info     0x0000000000000000    0x14397
 .debug_info    0x0000000000000000       0xc9 build/NOS_Math.o
 .debug_info    0x00000000000000c9      0x1cf build/NOS_Time.o
 .debug_info    0x0000000000000298     0x1325 build/WS2812B.o
 .debug_info    0x00000000000015bd     0x1749 build/WS2812B_Core.o
 .debug_info    0x0000000000002d06      0x25d build/WS2812B_Effects.o
 .debug_info    0x0000000000002f63     0x1c67 build/main.o
 .debug_info    0x0000000000004bca     0x13f0 build/stm32f4xx_hal_msp.o
 .debug_info    0x0000000000005fba      0x12e build/stm32f4xx_it.o
 .debug_info    0x00000000000060e8      0x5b3 build/system_stm32f4xx.o
 .debug_info    0x000000000000669b      0xacf build/stm32f4xx_hal.o
 .debug_info    0x000000000000716a     0x1174 build/stm32f4xx_hal_cortex.o
 .debug_info    0x00000000000082de      0xbd1 build/stm32f4xx_hal_dma.o
 .debug_info    0x0000000000008eaf      0x848 build/stm32f4xx_hal_gpio.o
 .debug_info    0x00000000000096f7      0xbe6 build/stm32f4xx_hal_rcc.o
 .debug_info    0x000000000000a2dd     0x4062 build/stm32f4xx_hal_tim.o
 .debug_info    0x000000000000e33f     0x1c6a build/stm32f4xx_hal_tim_ex.o
 .debug_info    0x000000000000ffa9     0x43cc build/stm32f4xx_hal_uart.o
 .debug_info    0x0000000000014375       0x22 build/startup_stm32f407xx.o

.debug_abbrev   0x0000000000000000     0x245e
 .debug_abbrev  0x0000000000000000       0x94 build/NOS_Math.o
 .debug_abbrev  0x0000000000000094      0x101 build/NOS_Time.o
 .debug_abbrev  0x0000000000000195      0x2ac build/WS2812B.o
 .debug_abbrev  0x0000000000000441      0x33b build/WS2812B_Core.o
 .debug_abbrev  0x000000000000077c       0xe0 build/WS2812B_Effects.o
 .debug_abbrev  0x000000000000085c      0x2c9 build/main.o
 .debug_abbrev  0x0000000000000b25      0x1fe build/stm32f4xx_hal_msp.o
 .debug_abbrev  0x0000000000000d23       0x46 build/stm32f4xx_it.o
 .debug_abbrev  0x0000000000000d69      0x11b build/system_stm32f4xx.o
 .debug_abbrev  0x0000000000000e84      0x209 build/stm32f4xx_hal.o
 .debug_abbrev  0x000000000000108d      0x382 build/stm32f4xx_hal_cortex.o
 .debug_abbrev  0x000000000000140f      0x2ff build/stm32f4xx_hal_dma.o
 .debug_abbrev  0x000000000000170e      0x22b build/stm32f4xx_hal_gpio.o
 .debug_abbrev  0x0000000000001939      0x2aa build/stm32f4xx_hal_rcc.o
 .debug_abbrev  0x0000000000001be3      0x282 build/stm32f4xx_hal_tim.o
 .debug_abbrev  0x0000000000001e65      0x298 build/stm32f4xx_hal_tim_ex.o
 .debug_abbrev  0x00000000000020fd      0x34f build/stm32f4xx_hal_uart.o
 .debug_abbrev  0x000000000000244c       0x12 build/startup_stm32f407xx.o

.debug_loc      0x0000000000000000    0x10710
 .debug_loc     0x0000000000000000       0x97 build/NOS_Math.o
 .debug_loc     0x0000000000000097       0x33 build/NOS_Time.o
 .debug_loc     0x00000000000000ca      0x985 build/WS2812B.o
 .debug_loc     0x0000000000000a4f      0x6fb build/WS2812B_Core.o
 .debug_loc     0x000000000000114a       0x40 build/WS2812B_Effects.o
 .debug_loc     0x000000000000118a      0x14e build/main.o
 .debug_loc     0x00000000000012d8      0x200 build/stm32f4xx_hal_msp.o
 .debug_loc     0x00000000000014d8      0x158 build/system_stm32f4xx.o
 .debug_loc     0x0000000000001630      0x1e1 build/stm32f4xx_hal.o
 .debug_loc     0x0000000000001811      0x7a4 build/stm32f4xx_hal_cortex.o
 .debug_loc     0x0000000000001fb5      0xd6d build/stm32f4xx_hal_dma.o
 .debug_loc     0x0000000000002d22      0x5e8 build/stm32f4xx_hal_gpio.o
 .debug_loc     0x000000000000330a      0x6e4 build/stm32f4xx_hal_rcc.o
 .debug_loc     0x00000000000039ee     0x5bbc build/stm32f4xx_hal_tim.o
 .debug_loc     0x00000000000095aa     0x2137 build/stm32f4xx_hal_tim_ex.o
 .debug_loc     0x000000000000b6e1     0x502f build/stm32f4xx_hal_uart.o

.debug_aranges  0x0000000000000000      0xd08
 .debug_aranges
                0x0000000000000000       0x28 build/NOS_Math.o
 .debug_aranges
                0x0000000000000028       0x28 build/NOS_Time.o
 .debug_aranges
                0x0000000000000050       0x78 build/WS2812B.o
 .debug_aranges
                0x00000000000000c8       0x88 build/WS2812B_Core.o
 .debug_aranges
                0x0000000000000150       0x28 build/WS2812B_Effects.o
 .debug_aranges
                0x0000000000000178       0x58 build/main.o
 .debug_aranges
                0x00000000000001d0       0x50 build/stm32f4xx_hal_msp.o
 .debug_aranges
                0x0000000000000220       0x58 build/stm32f4xx_it.o
 .debug_aranges